[1;34m[INFO][0m Instalando herramientas base del sistema...
[1;33m[NOTE][0m Joshuto no está disponible desde el gestor de paquetes. Se intentará instalar desde código fuente...
[1;34m[INFO][0m No se encontró 'cc'. Instalando compilador C...
[1;34m[INFO][0m Usando dnf5: instalando paquetes de compilación mínimos...
Paquete             Arq.   Versión         Repositorio    Tamaño
Instalando:
 gcc                x86_64 15.1.1-2.fc42   updates     111.1 MiB
 glibc-devel        x86_64 2.41-9.fc42     updates       2.3 MiB
 make               x86_64 1:4.4.1-10.fc42 fedora        1.8 MiB
Instalando dependencias:
 annobin-docs       noarch 12.94-1.fc42    updates      98.9 KiB
 annobin-plugin-gcc x86_64 12.94-1.fc42    updates     993.5 KiB
 gcc-plugin-annobin x86_64 15.1.1-2.fc42   updates      57.1 KiB
 kernel-headers     x86_64 6.15.3-200.fc42 updates       6.6 MiB
 libxcrypt-devel    x86_64 4.4.38-7.fc42   updates      30.8 KiB

Resumen de la transacción:
 Instalando:          8 paquetes

[1;34m[INFO][0m Instalando Rust (cargo)...

  stable-x86_64-unknown-linux-gnu unchanged - rustc 1.88.0 (6b00bc388 2025-06-23)


Rust is installed now. Great!

To get started you may need to restart your current shell.
This would reload your PATH environment variable to include
Cargo's bin directory ($HOME/.cargo/bin).

To configure your current shell, you need to source
the corresponding env file under $HOME/.cargo.

This is usually done by running one of the following (note the leading DOT):
. "$HOME/.cargo/env"            # For sh/bash/zsh/ash/dash/pdksh
source "$HOME/.cargo/env.fish"  # For fish
source $"($nu.home-path)/.cargo/env.nu"  # For nushell
[1;31m[ERROR][0m No se pudo instalar Joshuto. Verifica dependencias manualmente.
[1;32m[OK][0m Herramientas base instaladas correctamente.
