[1;34m[INFO][0m Instalando herramientas base del sistema...
[1;34m[INFO][0m Instalando Joshuto...
[1;33m[NOTE][0m Intentando instalar joshuto desde gestor de paquetes...
Actualizando y cargando repositorios:
Repositorios cargados.
Error al resolver la transacción:
No coincide para argumento: joshuto
Puede intentar añadir a la línea de comandos:
  --skip-unavailable para omitir paquetes no disponibles
sudo: apt: command not found
sudo: pacman: command not found
[1;33m[NOTE][0m No se pudo instalar joshuto desde gestor. Se intentará desde código fuente...
[1;34m[INFO][0m Rust no detectado. Instalando...

  stable-x86_64-unknown-linux-gnu installed - rustc 1.88.0 (6b00bc388 2025-06-23)


Rust is installed now. Great!

To get started you may need to restart your current shell.
This would reload your PATH environment variable to include
Cargo's bin directory ($HOME/.cargo/bin).

To configure your current shell, you need to source
the corresponding env file under $HOME/.cargo.

This is usually done by running one of the following (note the leading DOT):
. "$HOME/.cargo/env"            # For sh/bash/zsh/ash/dash/pdksh
source "$HOME/.cargo/env.fish"  # For fish
source $"($nu.home-path)/.cargo/env.nu"  # For nushell
[1;32m[OK][0m Joshuto instalado correctamente desde código fuente.
[1;34m[INFO][0m Instalando RustDesk...
[1;34m[INFO][0m Instalando RustDesk desde Flatpak...
Buscando coincidencias…
[1;32m[OK][0m Herramientas base instaladas correctamente.
