[1;34m[INFO][0m Instalando codecs multimedia...
[1;34m[INFO][0m Habilitando RPM Fusion...
Nothing to do.
Package             Arch   Version       Repository                            Size
Removing dependent packages:
 libavcodec-free    x86_64 7.1.1-3.fc42  624cbc92582d4ecfae4c58749abde4f8   9.6 MiB
 libavdevice-free   x86_64 7.1.1-3.fc42  624cbc92582d4ecfae4c58749abde4f8 215.1 KiB
 libavfilter-free   x86_64 7.1.1-3.fc42  624cbc92582d4ecfae4c58749abde4f8   4.1 MiB
 libavformat-free   x86_64 7.1.1-3.fc42  624cbc92582d4ecfae4c58749abde4f8   2.6 MiB
 libavutil-free     x86_64 7.1.1-3.fc42  624cbc92582d4ecfae4c58749abde4f8 963.0 KiB
 libpostproc-free   x86_64 7.1.1-3.fc42  624cbc92582d4ecfae4c58749abde4f8  85.6 KiB
 libswresample-free x86_64 7.1.1-3.fc42  624cbc92582d4ecfae4c58749abde4f8 147.3 KiB
 libswscale-free    x86_64 7.1.1-3.fc42  624cbc92582d4ecfae4c58749abde4f8 623.4 KiB
Installing:
 ffmpeg             x86_64 7.1.1-6.fc42  rpmfusion-free-updates             2.5 MiB
Installing dependencies:
 ffmpeg-libs        x86_64 7.1.1-6.fc42  rpmfusion-free-updates            21.2 MiB
 libavdevice        x86_64 7.1.1-6.fc42  rpmfusion-free-updates           162.2 KiB
 vvenc-libs         x86_64 1.13.1-3.fc42 rpmfusion-free-updates             3.3 MiB
 x265-libs          x86_64 4.1-2.fc42    rpmfusion-free                    16.7 MiB
Installing weak dependencies:
 vmaf-models        noarch 3.0.0-3.fc42  fedora                             4.9 MiB

Transaction Summary:
 Installing:         6 packages
 Removing:           8 packages

[1;34m[INFO][0m Instalando editor de video Shotcut...
[1;32m[OK][0m Multimedia configurado correctamente.
