[1;34m[INFO][0m Instalando herramientas base del sistema...
[1;34m[INFO][0m Instalando RustDesk...
[1;34m[INFO][0m Instalando RustDesk desde Flatpak...
Buscando coincidencias…
Tiempo de ejecución requerido para com.rustdesk.RustDesk/x86_64/stable (runtime/org.freedesktop.Platform/x86_64/24.08) encontrado en remoto flathub

Permisos de com.rustdesk.RustDesk:
    ipc	network	fallback-x11	pulseaudio
    wayland	x11	dri	file access [1]

    [1] home


 1.	   	com.rustdesk.RustDesk.Locale	stable	i	flathub	< 255,5 kB (parcial)
 2.	   	org.freedesktop.Platform.GL.default	24.08	i	flathub	< 155,4 MB
 3.	   	org.freedesktop.Platform.GL.default	24.08extra	i	flathub	< 155,4 MB
 4.	   	org.freedesktop.Platform.Locale	24.08	i	flathub	< 382,4 MB (parcial)
 5.	   	org.freedesktop.Platform.VAAPI.Intel	24.08	i	flathub	< 14,9 MB
 6.	   	org.freedesktop.Platform.openh264	2.5.1	i	flathub	< 971,4 kB
 7.	   	org.freedesktop.Platform	24.08	i	flathub	< 261,9 MB
 8.	   	com.rustdesk.RustDesk	stable	i	flathub	< 30,8 MB


Instalando 1/8…
Instalando 1/8…                        0%  0 bytes/s
Instalando 1/8…                        0%
Instalando 1/8… ▌                      3%
Instalando 1/8… ▌                      3%
Instalando 1/8… ▊                      4%  8,1 kB/s
Instalando 1/8… ▊                      4%  8,2 kB/s
Instalando 1/8… ████████████████████ 100%  13,2 kB/s
Instalando 2/8…
Instalando 2/8…                        0%  0 bytes/s
Instalando 2/8…                        0%
Instalando 2/8… █▌                     8%
Instalando 2/8… █▌                     8%  34,3 kB/s
Instalando 2/8… █▌                     8%  157,8 kB/s
Instalando 2/8… █▌                     8%  485,2 kB/s
Instalando 2/8… █▌                     8%  291,7 kB/s
Instalando 2/8… █▌                     8%  332,6 kB/s
Instalando 2/8… █▌                     8%  349,0 kB/s
Instalando 2/8… █▌                     8%  398,1 kB/s
Instalando 2/8… █▌                     8%  314,5 kB/s
Instalando 2/8… █▌                     8%  352,7 kB/s
Instalando 2/8… █▌                     8%  385,4 kB/s
Instalando 2/8… █▌                     8%  317,7 kB/s  00:46
Instalando 2/8… █▌                     8%  358,7 kB/s  00:46
Instalando 2/8… █▌                     8%  411,9 kB/s  00:46
Instalando 2/8… █▊                     9%  368,8 kB/s  00:50
Instalando 2/8… █▊                     9%  411,3 kB/s  00:50
Instalando 2/8… █▊                     9%  453,9 kB/s  00:50
Instalando 2/8… █▊                     9%  499,7 kB/s  00:50
Instalando 2/8… █▊                     9%  451,9 kB/s  01:00
Instalando 2/8… █▊                     9%  487,4 kB/s  01:00
Instalando 2/8… █▊                     9%  558,3 kB/s  01:00
Instalando 2/8… ██                    10%  537,0 kB/s  01:03
Instalando 2/8… ██                    10%  572,1 kB/s  01:03
Instalando 2/8… ██                    10%  604,8 kB/s  01:03
Instalando 2/8… ██                    10%  564,0 kB/s  01:12
Instalando 2/8… ██                    10%  592,7 kB/s  01:12
Instalando 2/8… ██▏                   11%  635,6 kB/s  01:04
Instalando 2/8… ██▏                   11%  682,7 kB/s  01:04
Instalando 2/8… ██▏                   11%  628,6 kB/s  01:12
Instalando 2/8… ██▏                   11%  663,2 kB/s  01:12
Instalando 2/8… ██▏                   11%  695,9 kB/s  01:12
Instalando 2/8… ██▏                   11%  646,0 kB/s  01:20
Instalando 2/8… ██▏                   11%  652,5 kB/s  01:20
Instalando 2/8… ██▍                   12%  683,6 kB/s  01:13
Instalando 2/8… ██▍                   12%  636,4 kB/s  01:20
Instalando 2/8… ██▍                   12%  654,2 kB/s  01:20
Instalando 2/8… ██▍                   12%  678,0 kB/s  01:20
Instalando 2/8… ██▍                   12%  724,2 kB/s  01:20
Instalando 2/8… ██▍                   12%  695,2 kB/s  01:28
Instalando 2/8… ██▌                   13%  712,9 kB/s  01:20
Instalando 2/8… ██▌                   13%  721,1 kB/s  01:20
Instalando 2/8… ██▌                   13%  685,8 kB/s  01:27
Instalando 2/8… ██▌                   13%  695,9 kB/s  01:27
Instalando 2/8… ██▌                   13%  699,6 kB/s  01:27
Instalando 2/8… ██▌                   13%  668,4 kB/s  01:33
Instalando 2/8… ██▌                   13%  691,8 kB/s  01:33
Instalando 2/8… ██▊                   14%  737,4 kB/s  01:26
Instalando 2/8… ██▊                   14%  764,2 kB/s  01:26
Instalando 2/8… ██▊                   14%  726,4 kB/s  01:32
Instalando 2/8… ██▊                   14%  740,6 kB/s  01:32
Instalando 2/8… ██▊                   14%  761,3 kB/s  01:32
Instalando 2/8… ██▊                   14%  734,2 kB/s  01:38
Instalando 2/8… ███                   15%  748,5 kB/s  01:30
Instalando 2/8… ███                   15%  761,8 kB/s  01:30
Instalando 2/8… ███                   15%  726,6 kB/s  01:36
Instalando 2/8… ███                   15%  747,8 kB/s  01:36
Instalando 2/8… ███                   15%  762,2 kB/s  01:36
Instalando 2/8… ███                   15%  772,8 kB/s  01:36
Instalando 2/8… ███                   15%  737,2 kB/s  01:42
Instalando 2/8… ███▏                  16%  749,0 kB/s  01:34
Instalando 2/8… ███▏                  16%  759,9 kB/s  01:34
Instalando 2/8… ███▏                  16%  728,5 kB/s  01:39
Instalando 2/8… ███▏                  16%  738,0 kB/s  01:39
Instalando 2/8… ███▏                  16%  748,3 kB/s  01:39
Instalando 2/8… ███▏                  16%  738,7 kB/s  01:45
Instalando 2/8… ███▏                  16%  755,9 kB/s  01:45
Instalando 2/8… ███▍                  17%  766,6 kB/s  01:37
Instalando 2/8… ███▍                  17%  773,1 kB/s  01:37
Instalando 2/8… ███▍                  17%  771,4 kB/s  01:42
Instalando 2/8… ███▍                  17%  783,9 kB/s  01:42
Instalando 2/8… ███▍                  17%  794,0 kB/s  01:42
Instalando 2/8… ███▌                  18%  772,0 kB/s  01:40
Instalando 2/8… ███▌                  18%  781,0 kB/s  01:40
Instalando 2/8… ███▌                  18%  789,1 kB/s  01:40
Instalando 2/8… ███▌                  18%  762,0 kB/s  01:44
Instalando 2/8… ███▌                  18%  769,8 kB/s  01:44
Instalando 2/8… ███▌                  18%  777,6 kB/s  01:44
Instalando 2/8… ███▌                  18%  785,4 kB/s  01:44
Instalando 2/8… ███▌                  18%  760,9 kB/s  01:49
Instalando 2/8… ███▌                  18%  770,5 kB/s  01:49
Instalando 2/8… ███▊                  19%  780,7 kB/s  01:42
Instalando 2/8… ███▊                  19%  760,6 kB/s  01:46
Instalando 2/8… ███▊                  19%  776,9 kB/s  01:46
Instalando 2/8… ███▊                  19%  798,6 kB/s  01:46
Instalando 2/8… ████                  20%  779,2 kB/s  01:44
Instalando 2/8… ████                  20%  788,6 kB/s  01:44
Instalando 2/8… ████                  20%  817,6 kB/s  01:44
Instalando 2/8… ████                  20%  832,1 kB/s  01:44
Instalando 2/8… ████                  20%  810,3 kB/s  01:48
Instalando 2/8… ████▏                 21%  826,7 kB/s  01:41
Instalando 2/8… ████▏                 21%  836,4 kB/s  01:41
Instalando 2/8… ████▏                 21%  814,7 kB/s  01:45
Instalando 2/8… ████▏                 21%  820,6 kB/s  01:45
Instalando 2/8… ████▏                 21%  832,8 kB/s  01:45
Instalando 2/8… ████▏                 21%  812,0 kB/s  01:49
Instalando 2/8… ████▍                 22%  822,2 kB/s  01:42
Instalando 2/8… ████▍                 22%  832,9 kB/s  01:42
Instalando 2/8… ████▍                 22%  840,8 kB/s  01:42
Instalando 2/8… ████▍                 22%  820,4 kB/s  01:46
Instalando 2/8… ████▍                 22%  827,5 kB/s  01:46
Instalando 2/8… ████▍                 22%  835,7 kB/s  01:46
Instalando 2/8… ████▌                 23%  820,9 kB/s  01:43
Instalando 2/8… ████▌                 23%  837,8 kB/s  01:43
Instalando 2/8… ████▌                 23%  847,8 kB/s  01:43
Instalando 2/8… ████▌                 23%  829,5 kB/s  01:47
Instalando 2/8… ████▌                 23%  836,7 kB/s  01:47
Instalando 2/8… ████▊                 24%  843,8 kB/s  01:41
Instalando 2/8… ████▊                 24%  856,1 kB/s  01:41
Instalando 2/8… ████▊                 24%  839,6 kB/s  01:44
Instalando 2/8… ████▊                 24%  846,0 kB/s  01:44
Instalando 2/8… ████▊                 24%  852,0 kB/s  01:44
Instalando 2/8… ████▊                 24%  839,0 kB/s  01:47
Instalando 2/8… █████                 25%  854,4 kB/s  01:42
Instalando 2/8… █████                 25%  873,2 kB/s  01:42
Instalando 2/8… █████                 25%  855,7 kB/s  01:45
Instalando 2/8… █████                 25%  863,6 kB/s  01:45
Instalando 2/8… █████▏                26%  870,7 kB/s  01:39
Instalando 2/8… █████▏                26%  878,1 kB/s  01:39
Instalando 2/8… █████▏                26%  862,4 kB/s  01:42
Instalando 2/8… █████▏                26%  874,7 kB/s  01:42
Instalando 2/8… █████▏                26%  890,6 kB/s  01:42
Instalando 2/8… █████▍                27%  886,8 kB/s  01:40
Instalando 2/8… █████▍                27%  894,8 kB/s  01:40
Instalando 2/8… █████▍                27%  901,0 kB/s  01:40
Instalando 2/8… █████▍                27%  884,2 kB/s  01:42
Instalando 2/8… █████▌                28%  890,6 kB/s  01:37
Instalando 2/8… █████▌                28%  897,1 kB/s  01:37
Instalando 2/8… █████▌                28%  904,0 kB/s  01:37
Instalando 2/8… █████▌                28%  888,8 kB/s  01:40
Instalando 2/8… █████▌                28%  897,2 kB/s  01:40
Instalando 2/8… █████▊                29%  914,0 kB/s  01:35
Instalando 2/8… █████▊                29%  907,5 kB/s  01:37
Instalando 2/8… █████▊                29%  915,3 kB/s  01:37
Instalando 2/8… █████▊                29%  923,9 kB/s  01:37
Instalando 2/8… ██████                30%  908,5 kB/s  01:35
Instalando 2/8… ██████                30%  919,7 kB/s  01:35
Instalando 2/8… ██████                30%  927,7 kB/s  01:35
Instalando 2/8… ██████                30%  934,9 kB/s  01:35
Instalando 2/8… ██████                30%  922,0 kB/s  01:38
Instalando 2/8… ██████▏               31%  933,3 kB/s  01:33
Instalando 2/8… ██████▏               31%  948,5 kB/s  01:33
Instalando 2/8… ██████▏               31%  934,0 kB/s  01:35
Instalando 2/8… ██████▏               31%  937,5 kB/s  01:35
Instalando 2/8… ██████▍               32%  946,6 kB/s  01:31
Instalando 2/8… ██████▍               32%  931,0 kB/s  01:33
Instalando 2/8… ██████▍               32%  937,7 kB/s  01:33
Instalando 2/8… ██████▍               32%  945,2 kB/s  01:33
Instalando 2/8… ██████▌               33%  959,3 kB/s  01:29
Instalando 2/8… ██████▌               33%  954,7 kB/s  01:31
Instalando 2/8… ██████▌               33%  964,2 kB/s  01:31
Instalando 2/8… ██████▌               33%  968,9 kB/s  01:31
Instalando 2/8… ██████▊               34%  955,3 kB/s  01:29
Instalando 2/8… ██████▊               34%  961,0 kB/s  01:29
Instalando 2/8… ██████▊               34%  965,6 kB/s  01:29
Instalando 2/8… ██████▊               34%  949,3 kB/s  01:31
Instalando 2/8… ██████▊               34%  953,1 kB/s  01:31
Instalando 2/8… ██████▊               34%  955,2 kB/s  01:31
Instalando 2/8… ██████▊               34%  962,5 kB/s  01:31
Instalando 2/8… ███████               35%  949,9 kB/s  01:29
Instalando 2/8… ███████               35%  951,0 kB/s  01:29
Instalando 2/8… ███████               35%  952,0 kB/s  01:29
Instalando 2/8… ███████               35%  937,2 kB/s  01:31
Instalando 2/8… ███████               35%  938,6 kB/s  01:31
Instalando 2/8… ███████               35%  939,2 kB/s  01:31
Instalando 2/8… ███████               35%  923,1 kB/s  01:32
Instalando 2/8… ███████               35%  930,0 kB/s  01:32
Instalando 2/8… ███████               35%  930,0 kB/s  01:32
Instalando 2/8… ███████               35%  931,9 kB/s  01:32
Instalando 2/8… ███████               35%  915,2 kB/s  01:34
Instalando 2/8… ███████               35%  915,6 kB/s  01:34
Instalando 2/8… ███████               35%  916,2 kB/s  01:34
Instalando 2/8… ███████               35%  900,8 kB/s  01:36
Instalando 2/8… ███████               35%  903,6 kB/s  01:36
Instalando 2/8… ███████               35%  905,8 kB/s  01:36
Instalando 2/8… ███████▏              36%  890,3 kB/s  01:34
Instalando 2/8… ███████▏              36%  895,2 kB/s  01:34
Instalando 2/8… ███████▏              36%  902,0 kB/s  01:34
Instalando 2/8… ███████▏              36%  909,1 kB/s  01:34
Instalando 2/8… ███████▏              36%  895,3 kB/s  01:36
Instalando 2/8… ███████▏              36%  896,5 kB/s  01:36
Instalando 2/8… ███████▏              36%  898,7 kB/s  01:36
Instalando 2/8… ███████▏              36%  884,1 kB/s  01:37
Instalando 2/8… ███████▏              36%  885,9 kB/s  01:37
Instalando 2/8… ███████▏              36%  886,8 kB/s  01:37
Instalando 2/8… ███████▍              37%  873,3 kB/s  01:35
Instalando 2/8… ███████▍              37%  875,0 kB/s  01:35
Instalando 2/8… ███████▍              37%  877,1 kB/s  01:35
Instalando 2/8… ███████▍              37%  879,1 kB/s  01:35
Instalando 2/8… ███████▍              37%  864,9 kB/s  01:37
Instalando 2/8… ███████▍              37%  866,9 kB/s  01:37
Instalando 2/8… ███████▍              37%  868,6 kB/s  01:37
Instalando 2/8… ███████▍              37%  855,0 kB/s  01:38
Instalando 2/8… ███████▍              37%  859,8 kB/s  01:38
Instalando 2/8… ███████▍              37%  863,5 kB/s  01:38
Instalando 2/8… ███████▍              37%  851,1 kB/s  01:40
Instalando 2/8… ███████▍              37%  854,7 kB/s  01:40
Instalando 2/8… ███████▌              38%  860,0 kB/s  01:36
Instalando 2/8… ███████▌              38%  861,9 kB/s  01:36
Instalando 2/8… ███████▌              38%  848,1 kB/s  01:37
Instalando 2/8… ███████▌              38%  850,3 kB/s  01:37
Instalando 2/8… ███████▌              38%  851,6 kB/s  01:37
Instalando 2/8… ███████▌              38%  839,3 kB/s  01:39
Instalando 2/8… ███████▌              38%  840,6 kB/s  01:39
Instalando 2/8… ███████▌              38%  842,2 kB/s  01:39
Instalando 2/8… ███████▌              38%  830,7 kB/s  01:41
Instalando 2/8… ███████▌              38%  832,9 kB/s  01:41
Instalando 2/8… ███████▌              38%  835,2 kB/s  01:41
Instalando 2/8… ███████▌              38%  837,3 kB/s  01:41
Instalando 2/8… ███████▌              38%  826,1 kB/s  01:42
Instalando 2/8… ███████▌              38%  828,5 kB/s  01:42
Instalando 2/8… ███████▊              39%  837,8 kB/s  01:38
Instalando 2/8… ███████▊              39%  828,6 kB/s  01:40
Instalando 2/8… ███████▊              39%  831,1 kB/s  01:40
Instalando 2/8… ███████▊              39%  835,0 kB/s  01:40
Instalando 2/8… ███████▊              39%  828,4 kB/s  01:41
Instalando 2/8… ████████              40%  833,5 kB/s  01:37
Instalando 2/8… ████████              40%  836,2 kB/s  01:37
Instalando 2/8… ████████              40%  838,5 kB/s  01:37
Instalando 2/8… ████████              40%  828,3 kB/s  01:39
Instalando 2/8… ████████              40%  830,5 kB/s  01:39
Instalando 2/8… ████████              40%  833,2 kB/s  01:39
Instalando 2/8… ████████              40%  823,2 kB/s  01:40
Instalando 2/8… ████████              40%  826,2 kB/s  01:40
Instalando 2/8… ████████              40%  829,3 kB/s  01:40
Instalando 2/8… ████████▏             41%  820,3 kB/s  01:37
Instalando 2/8… ████████▏             41%  823,2 kB/s  01:37
Instalando 2/8… ████████▏             41%  827,0 kB/s  01:37
Instalando 2/8… ████████▏             41%  831,8 kB/s  01:37
Instalando 2/8… ████████▍             42%  831,6 kB/s  01:35
Instalando 2/8… ████████▍             42%  837,3 kB/s  01:35
Instalando 2/8… ████████▍             42%  842,3 kB/s  01:35
Instalando 2/8… ████████▍             42%  834,3 kB/s  01:36
Instalando 2/8… ████████▍             42%  839,6 kB/s  01:36
Instalando 2/8… ████████▌             43%  844,5 kB/s  01:32
Instalando 2/8… ████████▌             43%  837,0 kB/s  01:34
Instalando 2/8… ████████▌             43%  840,5 kB/s  01:34
Instalando 2/8… ████████▌             43%  844,4 kB/s  01:34
Instalando 2/8… ████████▌             43%  848,3 kB/s  01:34
Instalando 2/8… ████████▌             43%  840,4 kB/s  01:35
Instalando 2/8… ████████▊             44%  845,0 kB/s  01:31
Instalando 2/8… ████████▊             44%  849,3 kB/s  01:31
Instalando 2/8… ████████▊             44%  842,6 kB/s  01:32
Instalando 2/8… ████████▊             44%  846,8 kB/s  01:32
Instalando 2/8… ████████▊             44%  852,2 kB/s  01:32
Instalando 2/8… █████████             45%  847,6 kB/s  01:30
Instalando 2/8… █████████             45%  852,4 kB/s  01:30
Instalando 2/8… █████████             45%  856,8 kB/s  01:30
Instalando 2/8… █████████             45%  861,3 kB/s  01:30
Instalando 2/8… █████████▏            46%  854,2 kB/s  01:28
Instalando 2/8… █████████▏            46%  857,2 kB/s  01:28
Instalando 2/8… █████████▏            46%  862,0 kB/s  01:28
Instalando 2/8… █████████▏            46%  855,6 kB/s  01:29
Instalando 2/8… █████████▏            46%  861,7 kB/s  01:29
Instalando 2/8… █████████▍            47%  866,2 kB/s  01:25
Instalando 2/8… █████████▍            47%  858,8 kB/s  01:26
Instalando 2/8… █████████▍            47%  861,9 kB/s  01:26
Instalando 2/8… █████████▍            47%  863,4 kB/s  01:26
Instalando 2/8… █████████▍            47%  868,3 kB/s  01:26
Instalando 2/8… █████████▍            47%  860,5 kB/s  01:27
Instalando 2/8… █████████▌            48%  863,7 kB/s  01:24
Instalando 2/8… █████████▌            48%  867,1 kB/s  01:24
Instalando 2/8… █████████▌            48%  863,7 kB/s  01:25
Instalando 2/8… █████████▌            48%  870,4 kB/s  01:25
Instalando 2/8… █████████▊            49%  874,3 kB/s  01:22
Instalando 2/8… █████████▊            49%  866,7 kB/s  01:23
Instalando 2/8… █████████▊            49%  869,9 kB/s  01:23
Instalando 2/8… █████████▊            49%  874,0 kB/s  01:23
Instalando 2/8… █████████▊            49%  877,7 kB/s  01:23
Instalando 2/8… █████████▊            49%  871,1 kB/s  01:24
Instalando 2/8… ██████████            50%  877,8 kB/s  01:21
Instalando 2/8… ██████████            50%  888,1 kB/s  01:21
Instalando 2/8… ██████████▏           51%  886,2 kB/s  01:18
Instalando 2/8… ██████████▏           51%  890,8 kB/s  01:18
Instalando 2/8… ██████████▏           51%  898,0 kB/s  01:18
Instalando 2/8… ██████████▏           51%  891,9 kB/s  01:19
Instalando 2/8… ██████████▍           52%  895,9 kB/s  01:16
Instalando 2/8… ██████████▍           52%  899,4 kB/s  01:16
Instalando 2/8… ██████████▍           52%  902,8 kB/s  01:16
Instalando 2/8… ██████████▍           52%  895,7 kB/s  01:17
Instalando 2/8… ██████████▌           53%  904,9 kB/s  01:14
Instalando 2/8… ██████████▌           53%  913,1 kB/s  01:14
Instalando 2/8… ██████████▌           53%  907,5 kB/s  01:15
Instalando 2/8… ██████████▊           54%  912,2 kB/s  01:12
Instalando 2/8… ██████████▊           54%  916,6 kB/s  01:12
Instalando 2/8… ██████████▊           54%  910,1 kB/s  01:13
Instalando 2/8… ██████████▊           54%  915,1 kB/s  01:13
Instalando 2/8… ██████████▊           54%  920,0 kB/s  01:13
Instalando 2/8… ███████████           55%  924,8 kB/s  01:10
Instalando 2/8… ███████████           55%  920,5 kB/s  01:11
Instalando 2/8… ███████████▏          56%  931,1 kB/s  01:08
Instalando 2/8… ███████████▏          56%  939,7 kB/s  01:08
Instalando 2/8… ███████████▏          56%  935,0 kB/s  01:09
Instalando 2/8… ███████████▏          56%  937,6 kB/s  01:09
Instalando 2/8… ███████████▍          57%  944,5 kB/s  01:06
Instalando 2/8… ███████████▍          57%  937,7 kB/s  01:07
Instalando 2/8… ███████████▍          57%  942,2 kB/s  01:07
Instalando 2/8… ███████████▌          58%  946,2 kB/s  01:04
Instalando 2/8… ███████████▌          58%  956,3 kB/s  01:04
Instalando 2/8… ███████████▊          59%  955,9 kB/s  01:02
Instalando 2/8… ███████████▊          59%  961,5 kB/s  01:02
Instalando 2/8… ███████████▊          59%  968,1 kB/s  01:02
Instalando 2/8… ████████████          60%  963,9 kB/s  01:00
Instalando 2/8… ████████████          60%  970,7 kB/s  01:00
Instalando 2/8… ████████████          60%  976,5 kB/s  01:00
Instalando 2/8… ████████████▏         61%  971,2 kB/s  00:58
Instalando 2/8… ████████████▏         61%  975,5 kB/s  00:58
Instalando 2/8… ████████████▏         61%  981,4 kB/s  00:58
Instalando 2/8… ████████████▍         62%  989,0 kB/s  00:56
Instalando 2/8… ████████████▍         62%  985,8 kB/s  00:57
Instalando 2/8… ████████████▍         62%  991,9 kB/s  00:57
Instalando 2/8… ████████████▍         62%  995,1 kB/s  00:57
Instalando 2/8… ████████████▌         63%  985,9 kB/s  00:55
Instalando 2/8… ████████████▌         63%  989,6 kB/s  00:55
Instalando 2/8… ████████████▌         63%  992,3 kB/s  00:55
Instalando 2/8… ████████████▌         63%  985,0 kB/s  00:55
Instalando 2/8… ████████████▌         63%  992,6 kB/s  00:55
Instalando 2/8… ████████████▊         64%  998,6 kB/s  00:53
Instalando 2/8… ████████████▊         64%  1,0 MB/s  00:53
Instalando 2/8… ████████████▊         64%  993,3 kB/s  00:54
Instalando 2/8… ████████████▊         64%  995,5 kB/s  00:54
Instalando 2/8… ████████████▊         64%  998,1 kB/s  00:54
Instalando 2/8… █████████████         65%  990,3 kB/s  00:52
Instalando 2/8… █████████████         65%  991,7 kB/s  00:52
Instalando 2/8… █████████████         65%  994,9 kB/s  00:52
Instalando 2/8… █████████████         65%  988,4 kB/s  00:52
Instalando 2/8… █████████████         65%  991,8 kB/s  00:52
Instalando 2/8… █████████████         65%  995,4 kB/s  00:52
Instalando 2/8… █████████████▏        66%  1,0 MB/s  00:50
Instalando 2/8… █████████████▏        66%  993,3 kB/s  00:51
Instalando 2/8… █████████████▏        66%  994,8 kB/s  00:51
Instalando 2/8… █████████████▏        66%  997,0 kB/s  00:51
Instalando 2/8… █████████████▏        66%  988,6 kB/s  00:51
Instalando 2/8… █████████████▏        66%  989,6 kB/s  00:51
Instalando 2/8… █████████████▍        67%  993,7 kB/s  00:49
Instalando 2/8… █████████████▍        67%  987,7 kB/s  00:49
Instalando 2/8… █████████████▍        67%  989,2 kB/s  00:49
Instalando 2/8… █████████████▍        67%  991,1 kB/s  00:49
Instalando 2/8… █████████████▍        67%  993,1 kB/s  00:49
Instalando 2/8… █████████████▍        67%  985,6 kB/s  00:50
Instalando 2/8… █████████████▍        67%  988,0 kB/s  00:50
Instalando 2/8… █████████████▍        67%  990,4 kB/s  00:50
Instalando 2/8… █████████████▌        68%  983,2 kB/s  00:48
Instalando 2/8… █████████████▌        68%  985,4 kB/s  00:48
Instalando 2/8… █████████████▌        68%  987,6 kB/s  00:48
Instalando 2/8… █████████████▌        68%  981,3 kB/s  00:48
Instalando 2/8… █████████████▌        68%  986,8 kB/s  00:48
Instalando 2/8… █████████████▊        69%  992,1 kB/s  00:46
Instalando 2/8… █████████████▊        69%  994,7 kB/s  00:46
Instalando 2/8… █████████████▊        69%  986,1 kB/s  00:47
Instalando 2/8… █████████████▊        69%  988,0 kB/s  00:47
Instalando 2/8… █████████████▊        69%  989,6 kB/s  00:47
Instalando 2/8… █████████████▊        69%  981,9 kB/s  00:47
Instalando 2/8… █████████████▊        69%  983,8 kB/s  00:47
Instalando 2/8… ██████████████        70%  985,8 kB/s  00:45
Instalando 2/8… ██████████████        70%  978,6 kB/s  00:45
Instalando 2/8… ██████████████        70%  980,8 kB/s  00:45
Instalando 2/8… ██████████████        70%  983,1 kB/s  00:45
Instalando 2/8… ██████████████        70%  985,3 kB/s  00:45
Instalando 2/8… ██████████████        70%  978,3 kB/s  00:46
Instalando 2/8… ██████████████        70%  980,4 kB/s  00:46
Instalando 2/8… ██████████████▏       71%  982,7 kB/s  00:44
Instalando 2/8… ██████████████▏       71%  976,5 kB/s  00:44
Instalando 2/8… ██████████████▏       71%  979,8 kB/s  00:44
Instalando 2/8… ██████████████▏       71%  984,3 kB/s  00:44
Instalando 2/8… ██████████████▍       72%  987,3 kB/s  00:42
Instalando 2/8… ██████████████▍       72%  993,1 kB/s  00:42
Instalando 2/8… ██████████████▍       72%  995,0 kB/s  00:42
Instalando 2/8… ██████████████▌       73%  996,2 kB/s  00:40
Instalando 2/8… ██████████████▌       73%  989,1 kB/s  00:41
Instalando 2/8… ██████████████▌       73%  992,0 kB/s  00:41
Instalando 2/8… ██████████████▌       73%  993,7 kB/s  00:41
Instalando 2/8… ██████████████▌       73%  985,4 kB/s  00:41
Instalando 2/8… ██████████████▌       73%  987,0 kB/s  00:41
Instalando 2/8… ██████████████▌       73%  988,2 kB/s  00:41
Instalando 2/8… ██████████████▌       73%  980,6 kB/s  00:41
Instalando 2/8… ██████████████▌       73%  981,6 kB/s  00:41
Instalando 2/8… ██████████████▌       73%  982,7 kB/s  00:41
Instalando 2/8… ██████████████▊       74%  983,8 kB/s  00:39
Instalando 2/8… ██████████████▊       74%  976,2 kB/s  00:40
Instalando 2/8… ██████████████▊       74%  977,2 kB/s  00:40
Instalando 2/8… ██████████████▊       74%  978,3 kB/s  00:40
Instalando 2/8… ██████████████▊       74%  971,5 kB/s  00:40
Instalando 2/8… ██████████████▊       74%  978,1 kB/s  00:40
Instalando 2/8… ███████████████       75%  984,2 kB/s  00:38
Instalando 2/8… ███████████████       75%  980,2 kB/s  00:38
Instalando 2/8… ███████████████       75%  981,6 kB/s  00:38
Instalando 2/8… ███████████████       75%  982,6 kB/s  00:38
Instalando 2/8… ███████████████       75%  983,7 kB/s  00:38
Instalando 2/8… ███████████████       75%  976,4 kB/s  00:39
Instalando 2/8… ███████████████       75%  977,7 kB/s  00:39
Instalando 2/8… ███████████████▏      76%  978,9 kB/s  00:36
Instalando 2/8… ███████████████▏      76%  971,9 kB/s  00:37
Instalando 2/8… ███████████████▏      76%  972,7 kB/s  00:37
Instalando 2/8… ███████████████▏      76%  974,0 kB/s  00:37
Instalando 2/8… ███████████████▏      76%  967,3 kB/s  00:37
Instalando 2/8… ███████████████▏      76%  969,2 kB/s  00:37
Instalando 2/8… ███████████████▏      76%  970,6 kB/s  00:37
Instalando 2/8… ███████████████▏      76%  971,0 kB/s  00:37
Instalando 2/8… ███████████████▏      76%  964,8 kB/s  00:37
Instalando 2/8… ███████████████▏      76%  965,9 kB/s  00:37
Instalando 2/8… ███████████████▍      77%  970,5 kB/s  00:35
Instalando 2/8… ███████████████▍      77%  968,9 kB/s  00:36
Instalando 2/8… ███████████████▍      77%  973,8 kB/s  00:36
Instalando 2/8… ███████████████▌      78%  976,5 kB/s  00:34
Instalando 2/8… ███████████████▌      78%  970,2 kB/s  00:34
Instalando 2/8… ███████████████▌      78%  971,5 kB/s  00:34
Instalando 2/8… ███████████████▌      78%  972,9 kB/s  00:34
Instalando 2/8… ███████████████▌      78%  974,1 kB/s  00:34
Instalando 2/8… ███████████████▌      78%  967,5 kB/s  00:34
Instalando 2/8… ███████████████▌      78%  968,8 kB/s  00:34
Instalando 2/8… ███████████████▌      78%  970,0 kB/s  00:34
Instalando 2/8… ███████████████▌      78%  963,8 kB/s  00:34
Instalando 2/8… ███████████████▊      79%  965,5 kB/s  00:32
Instalando 2/8… ███████████████▊      79%  967,1 kB/s  00:32
Instalando 2/8… ███████████████▊      79%  961,2 kB/s  00:33
Instalando 2/8… ███████████████▊      79%  962,9 kB/s  00:33
Instalando 2/8… ███████████████▊      79%  964,8 kB/s  00:33
Instalando 2/8… ███████████████▊      79%  966,5 kB/s  00:33
Instalando 2/8… ████████████████      80%  964,6 kB/s  00:31
Instalando 2/8… ████████████████      80%  968,5 kB/s  00:31
Instalando 2/8… ████████████████      80%  974,5 kB/s  00:31
Instalando 2/8… ████████████████▏     81%  972,4 kB/s  00:29
Instalando 2/8… ████████████████▏     81%  975,4 kB/s  00:29
Instalando 2/8… ████████████████▏     81%  977,3 kB/s  00:29
Instalando 2/8… ████████████████▏     81%  971,6 kB/s  00:30
Instalando 2/8… ████████████████▍     82%  973,6 kB/s  00:28
Instalando 2/8… ████████████████▍     82%  976,2 kB/s  00:28
Instalando 2/8… ████████████████▍     82%  978,5 kB/s  00:28
Instalando 2/8… ████████████████▍     82%  973,3 kB/s  00:28
Instalando 2/8… ████████████████▍     82%  976,5 kB/s  00:28
Instalando 2/8… ████████████████▌     83%  981,1 kB/s  00:26
Instalando 2/8… ████████████████▌     83%  974,7 kB/s  00:26
Instalando 2/8… ████████████████▌     83%  978,7 kB/s  00:26
Instalando 2/8… ████████████████▌     83%  980,7 kB/s  00:26
Instalando 2/8… ████████████████▌     83%  975,5 kB/s  00:26
Instalando 2/8… ████████████████▊     84%  977,0 kB/s  00:24
Instalando 2/8… ████████████████▊     84%  982,5 kB/s  00:24
Instalando 2/8… ████████████████▊     84%  984,2 kB/s  00:24
Instalando 2/8… ████████████████▊     84%  978,1 kB/s  00:25
Instalando 2/8… █████████████████     85%  984,3 kB/s  00:23
Instalando 2/8… █████████████████     85%  990,3 kB/s  00:23
Instalando 2/8… █████████████████     85%  984,5 kB/s  00:23
Instalando 2/8… █████████████████     85%  985,0 kB/s  00:23
Instalando 2/8… █████████████████     85%  986,8 kB/s  00:23
Instalando 2/8… █████████████████▏    86%  980,7 kB/s  00:21
Instalando 2/8… █████████████████▏    86%  980,8 kB/s  00:21
Instalando 2/8… █████████████████▏    86%  983,2 kB/s  00:21
Instalando 2/8… █████████████████▏    86%  984,5 kB/s  00:21
Instalando 2/8… █████████████████▏    86%  978,2 kB/s  00:21
Instalando 2/8… █████████████████▏    86%  979,2 kB/s  00:21
Instalando 2/8… █████████████████▏    86%  980,3 kB/s  00:21
Instalando 2/8… █████████████████▏    86%  974,3 kB/s  00:22
Instalando 2/8… █████████████████▏    86%  975,7 kB/s  00:22
Instalando 2/8… █████████████████▏    86%  976,4 kB/s  00:22
Instalando 2/8… █████████████████▏    86%  969,7 kB/s  00:22
Instalando 2/8… █████████████████▏    86%  970,7 kB/s  00:22
Instalando 2/8… █████████████████▍    87%  974,5 kB/s  00:20
Instalando 2/8… █████████████████▍    87%  975,9 kB/s  00:20
Instalando 2/8… █████████████████▍    87%  970,8 kB/s  00:20
Instalando 2/8… █████████████████▍    87%  972,3 kB/s  00:20
Instalando 2/8… █████████████████▍    87%  972,6 kB/s  00:20
Instalando 2/8… █████████████████▍    87%  966,5 kB/s  00:20
Instalando 2/8… █████████████████▍    87%  967,1 kB/s  00:20
Instalando 2/8… █████████████████▍    87%  967,3 kB/s  00:20
Instalando 2/8… █████████████████▍    87%  961,1 kB/s  00:20
Instalando 2/8… █████████████████▍    87%  961,6 kB/s  00:20
Instalando 2/8… █████████████████▍    87%  962,1 kB/s  00:20
Instalando 2/8… █████████████████▌    88%  962,4 kB/s  00:19
Instalando 2/8… █████████████████▌    88%  956,2 kB/s  00:19
Instalando 2/8… █████████████████▌    88%  957,2 kB/s  00:19
Instalando 2/8… █████████████████▌    88%  958,1 kB/s  00:19
Instalando 2/8… █████████████████▌    88%  952,0 kB/s  00:19
Instalando 2/8… █████████████████▌    88%  952,4 kB/s  00:19
Instalando 2/8… █████████████████▌    88%  953,2 kB/s  00:19
Instalando 2/8… █████████████████▌    88%  949,0 kB/s  00:19
Instalando 2/8… █████████████████▌    88%  950,1 kB/s  00:19
Instalando 2/8… █████████████████▌    88%  951,1 kB/s  00:19
Instalando 2/8… █████████████████▌    88%  953,0 kB/s  00:19
Instalando 2/8… █████████████████▊    89%  947,6 kB/s  00:17
Instalando 2/8… █████████████████▊    89%  948,4 kB/s  00:17
Instalando 2/8… █████████████████▊    89%  949,3 kB/s  00:17
Instalando 2/8… █████████████████▊    89%  943,6 kB/s  00:17
Instalando 2/8… █████████████████▊    89%  944,2 kB/s  00:17
Instalando 2/8… █████████████████▊    89%  945,4 kB/s  00:17
Instalando 2/8… █████████████████▊    89%  939,6 kB/s  00:18
Instalando 2/8… █████████████████▊    89%  940,7 kB/s  00:18
Instalando 2/8… █████████████████▊    89%  941,6 kB/s  00:18
Instalando 2/8… █████████████████▊    89%  942,4 kB/s  00:18
Instalando 2/8… █████████████████▊    89%  936,6 kB/s  00:18
Instalando 2/8… █████████████████▊    89%  937,3 kB/s  00:18
Instalando 2/8… █████████████████▊    89%  938,1 kB/s  00:18
Instalando 2/8… ██████████████████    90%  933,2 kB/s  00:16
Instalando 2/8… ██████████████████    90%  937,1 kB/s  00:16
Instalando 2/8… ██████████████████    90%  938,3 kB/s  00:16
Instalando 2/8… ██████████████████    90%  933,1 kB/s  00:16
Instalando 2/8… ██████████████████    90%  935,4 kB/s  00:16
Instalando 2/8… ██████████████████    90%  937,7 kB/s  00:16
Instalando 2/8… ██████████████████▏   91%  939,8 kB/s  00:14
Instalando 2/8… ██████████████████▏   91%  934,3 kB/s  00:14
Instalando 2/8… ██████████████████▏   91%  934,9 kB/s  00:14
Instalando 2/8… ██████████████████▏   91%  935,7 kB/s  00:14
Instalando 2/8… ██████████████████▏   91%  930,2 kB/s  00:14
Instalando 2/8… ██████████████████▏   91%  931,0 kB/s  00:14
Instalando 2/8… ██████████████████▏   91%  931,8 kB/s  00:14
Instalando 2/8… ██████████████████▏   91%  926,6 kB/s  00:15
Instalando 2/8… ██████████████████▏   91%  927,6 kB/s  00:15
Instalando 2/8… ██████████████████▏   91%  928,6 kB/s  00:15
Instalando 2/8… ██████████████████▏   91%  929,5 kB/s  00:15
Instalando 2/8… ██████████████████▏   91%  924,4 kB/s  00:15
Instalando 2/8… ██████████████████▍   92%  925,5 kB/s  00:13
Instalando 2/8… ██████████████████▍   92%  926,5 kB/s  00:13
Instalando 2/8… ██████████████████▍   92%  921,9 kB/s  00:13
Instalando 2/8… ██████████████████▍   92%  925,7 kB/s  00:13
Instalando 2/8… ██████████████████▍   92%  927,3 kB/s  00:13
Instalando 2/8… ██████████████████▍   92%  922,9 kB/s  00:13
Instalando 2/8… ██████████████████▌   93%  925,0 kB/s  00:11
Instalando 2/8… ██████████████████▌   93%  926,1 kB/s  00:11
Instalando 2/8… ██████████████████▌   93%  927,0 kB/s  00:11
Instalando 2/8… ██████████████████▌   93%  921,9 kB/s  00:11
Instalando 2/8… ██████████████████▌   93%  922,7 kB/s  00:11
Instalando 2/8… ██████████████████▌   93%  923,6 kB/s  00:11
Instalando 2/8… ██████████████████▌   93%  918,6 kB/s  00:11
Instalando 2/8… ██████████████████▌   93%  919,9 kB/s  00:11
Instalando 2/8… ██████████████████▌   93%  921,0 kB/s  00:11
Instalando 2/8… ██████████████████▊   94%  916,7 kB/s  00:10
Instalando 2/8… ██████████████████▊   94%  918,3 kB/s  00:10
Instalando 2/8… ██████████████████▊   94%  919,9 kB/s  00:10
Instalando 2/8… ██████████████████▊   94%  921,4 kB/s  00:10
Instalando 2/8… ██████████████████▊   94%  917,5 kB/s  00:10
Instalando 2/8… ██████████████████▊   94%  920,8 kB/s  00:10
Instalando 2/8… ███████████████████   95%  926,8 kB/s  00:08
Instalando 2/8… ███████████████████   95%  924,5 kB/s  00:08
Instalando 2/8… ███████████████████▏  96%  927,8 kB/s  00:06
Instalando 2/8… ███████████████████▏  96%  933,4 kB/s  00:06
Instalando 2/8… ███████████████████▍  97%  932,6 kB/s  00:04
Instalando 2/8… ███████████████████▍  97%  937,3 kB/s  00:04
Instalando 2/8… ███████████████████▍  97%  939,9 kB/s  00:04
Instalando 2/8… ███████████████████▍  97%  935,4 kB/s  00:05
Instalando 2/8… ███████████████████▌  98%  938,2 kB/s  00:03
Instalando 2/8… ███████████████████▌  98%  940,4 kB/s  00:03
Instalando 2/8… ███████████████████▌  98%  942,0 kB/s  00:03
Instalando 2/8… ███████████████████▌  98%  937,6 kB/s  00:03
Instalando 2/8… ███████████████████▌  98%  939,4 kB/s  00:03
Instalando 2/8… ███████████████████▊  99%  941,1 kB/s  00:01
Instalando 2/8… ███████████████████▊  99%  937,2 kB/s  00:01
Instalando 2/8… ███████████████████▊  99%  938,9 kB/s  00:01
Instalando 2/8… ███████████████████▊  99%  940,7 kB/s  00:01
Instalando 2/8… ███████████████████▊  99%  938,5 kB/s  00:01
Instalando 2/8… ████████████████████ 100%  939,0 kB/s  00:00
Instalando 2/8… ████████████████████ 100%  933,3 kB/s  00:00
Instalando 3/8…
Instalando 3/8…                        0%  0 bytes/s
Instalando 3/8… █▌                     8%
Instalando 3/8… █▊                     9%
Instalando 3/8… ██                    10%
Instalando 3/8… ██                    10%  696,0 kB/s
Instalando 3/8… ██                    10%  728,7 kB/s
Instalando 3/8… ██▏                   11%  876,1 kB/s
Instalando 3/8… ██▏                   11%  495,3 kB/s
Instalando 3/8… ██▍                   12%  552,6 kB/s
Instalando 3/8… ██▍                   12%  618,1 kB/s
Instalando 3/8… ██▌                   13%  461,2 kB/s
Instalando 3/8… ██▌                   13%  504,8 kB/s
Instalando 3/8… ██▊                   14%  548,5 kB/s
Instalando 3/8… ███                   15%  603,0 kB/s
Instalando 3/8… ███▏                  16%  534,1 kB/s  00:21
Instalando 3/8… ███▌                  18%  689,6 kB/s  00:18
Instalando 3/8… ████▏                 21%  877,9 kB/s  00:15
Instalando 3/8… ████▌                 23%  786,2 kB/s  00:16
Instalando 3/8… ████▊                 24%  845,2 kB/s  00:15
Instalando 3/8… █████                 25%  877,9 kB/s  00:15
Instalando 3/8… █████                 25%  764,1 kB/s  00:18
Instalando 3/8… █████▏                26%  794,2 kB/s  00:17
Instalando 3/8… █████▍                27%  827,0 kB/s  00:16
Instalando 3/8… █████▍                27%  857,0 kB/s  00:16
Instalando 3/8… █████▌                28%  767,3 kB/s  00:18
Instalando 3/8… █████▊                29%  795,4 kB/s  00:17
Instalando 3/8… ██████                30%  835,2 kB/s  00:16
Instalando 3/8… ██████▏               31%  771,8 kB/s  00:17
Instalando 3/8… ██████▌               33%  808,6 kB/s  00:16
Instalando 3/8… ██████▊               34%  841,4 kB/s  00:15
Instalando 3/8… ███████               35%  777,0 kB/s  00:16
Instalando 3/8… ███████▏              36%  806,0 kB/s  00:16
Instalando 3/8… ███████▌              38%  860,6 kB/s  00:14
Instalando 3/8… ████████              40%  929,8 kB/s  00:13
Instalando 3/8… ████████▍             42%  879,4 kB/s  00:13
Instalando 3/8… ████████▊             44%  936,7 kB/s  00:12
Instalando 3/8… █████████▏            46%  990,8 kB/s  00:11
Instalando 3/8… █████████▍            47%  932,0 kB/s  00:12
Instalando 3/8… █████████▌            48%  960,3 kB/s  00:11
Instalando 3/8… ██████████            50%  986,6 kB/s  00:11
Instalando 3/8… ██████████▏           51%  925,2 kB/s  00:11
Instalando 3/8… ██████████▍           52%  948,4 kB/s  00:11
Instalando 3/8… ██████████▌           53%  971,6 kB/s  00:10
Instalando 3/8… ██████████▊           54%  1,0 MB/s  00:10
Instalando 3/8… ███████████           55%  943,2 kB/s  00:10
Instalando 3/8… ███████████▏          56%  963,3 kB/s  00:10
Instalando 3/8… ███████████▍          57%  982,3 kB/s  00:09
Instalando 3/8… ███████████▌          58%  927,5 kB/s  00:10
Instalando 3/8… ███████████▊          59%  942,7 kB/s  00:09
Instalando 3/8… ████████████          60%  957,9 kB/s  00:09
Instalando 3/8… ████████████          60%  909,3 kB/s  00:10
Instalando 3/8… ████████████▏         61%  927,9 kB/s  00:09
Instalando 3/8… ████████████▍         62%  944,3 kB/s  00:09
Instalando 3/8… ████████████▊         64%  967,2 kB/s  00:08
Instalando 3/8… █████████████         65%  932,4 kB/s  00:08
Instalando 3/8… █████████████▍        67%  951,8 kB/s  00:07
Instalando 3/8… █████████████▍        67%  961,9 kB/s  00:07
Instalando 3/8… █████████████▌        68%  917,9 kB/s  00:08
Instalando 3/8… █████████████▊        69%  933,3 kB/s  00:07
Instalando 3/8… ██████████████        70%  945,8 kB/s  00:07
Instalando 3/8… ██████████████        70%  901,5 kB/s  00:07
Instalando 3/8… ██████████████▏       71%  909,7 kB/s  00:07
Instalando 3/8… ██████████████▍       72%  927,0 kB/s  00:07
Instalando 3/8… ██████████████▌       73%  937,9 kB/s  00:06
Instalando 3/8… ██████████████▊       74%  898,0 kB/s  00:06
Instalando 3/8… ██████████████▊       74%  908,3 kB/s  00:06
Instalando 3/8… ███████████████       75%  918,7 kB/s  00:06
Instalando 3/8… ███████████████▏      76%  881,8 kB/s  00:06
Instalando 3/8… ███████████████▍      77%  893,2 kB/s  00:05
Instalando 3/8… ███████████████▌      78%  903,1 kB/s  00:05
Instalando 3/8… ███████████████▌      78%  869,4 kB/s  00:05
Instalando 3/8… ███████████████▊      79%  878,8 kB/s  00:05
Instalando 3/8… ████████████████      80%  894,4 kB/s  00:05
Instalando 3/8… ████████████████▍     82%  915,4 kB/s  00:04
Instalando 3/8… ████████████████▌     83%  888,7 kB/s  00:04
Instalando 3/8… █████████████████     85%  906,6 kB/s  00:03
Instalando 3/8… █████████████████▍    87%  931,2 kB/s  00:03
Instalando 3/8… █████████████████▌    88%  901,4 kB/s  00:03
Instalando 3/8… █████████████████▊    89%  910,6 kB/s  00:02
Instalando 3/8… ██████████████████    90%  919,9 kB/s  00:02
Instalando 3/8… ██████████████████    90%  891,1 kB/s  00:02
Instalando 3/8… ██████████████████▍   92%  902,7 kB/s  00:02
Instalando 3/8… ██████████████████▌   93%  914,3 kB/s  00:01
Instalando 3/8… ██████████████████▊   94%  926,6 kB/s  00:01
Instalando 3/8… ███████████████████   95%  904,6 kB/s  00:01
Instalando 3/8… ███████████████████▏  96%  913,8 kB/s  00:01
Instalando 3/8… ███████████████████▍  97%  921,7 kB/s  00:00
Instalando 3/8… ███████████████████▌  98%  895,7 kB/s  00:00
Instalando 3/8… ███████████████████▊  99%  905,1 kB/s  00:00
Instalando 3/8… ████████████████████ 100%  912,5 kB/s  00:00
Instalando 3/8… ████████████████████ 100%  878,7 kB/s  00:00
Instalando 4/8…
Instalando 4/8…                        0%  0 bytes/s
Instalando 4/8… █████▍                27%
Instalando 4/8… ███████▌              38%
Instalando 4/8… ████████▊             44%
Instalando 4/8… █████████▍            47%  120,7 kB/s
Instalando 4/8… ███████████▍          57%  124,0 kB/s
Instalando 4/8… ████████████▌         63%  126,7 kB/s
Instalando 4/8… ██████████████▌       73%  93,5 kB/s
Instalando 4/8… █████████████████     85%  153,4 kB/s
Instalando 4/8… █████████████████     85%  202,6 kB/s
Instalando 4/8… █████████████████▌    88%  173,5 kB/s
Instalando 4/8… █████████████████▌    88%  195,5 kB/s
Instalando 4/8… █████████████████▌    88%  206,2 kB/s
Instalando 4/8… █████████████████▊    89%  233,6 kB/s
Instalando 4/8… █████████████████▊    89%  183,4 kB/s  00:00
Instalando 4/8… ██████████████████    90%  200,1 kB/s  00:00
Instalando 4/8… ███████████████████▏  96%  217,3 kB/s  00:00
Instalando 4/8… ███████████████████▏  96%  181,3 kB/s  00:00
Instalando 4/8… ███████████████▏      76%  250,0 kB/s  00:01
Instalando 4/8… ███████████████▍      77%  296,0 kB/s  00:01
Instalando 4/8… ███████████████▍      77%  265,7 kB/s  00:01
Instalando 4/8… ███████████████▍      77%  276,6 kB/s  00:01
Instalando 4/8… ███████████████▍      77%  293,0 kB/s  00:01
Instalando 4/8… ███████████████▍      77%  298,4 kB/s  00:01
Instalando 4/8… ███████████████▍      77%  267,5 kB/s  00:02
Instalando 4/8… ███████████████▍      77%  272,1 kB/s  00:02
Instalando 4/8… ███████████████▍      77%  276,8 kB/s  00:02
Instalando 4/8… ███████████████▍      77%  246,3 kB/s  00:02
Instalando 4/8… ███████████████▌      78%  248,3 kB/s  00:02
Instalando 4/8… ███████████████▌      78%  252,4 kB/s  00:02
Instalando 4/8… ███████████████▌      78%  228,0 kB/s  00:02
Instalando 4/8… ███████████████▌      78%  229,8 kB/s  00:02
Instalando 4/8… ███████████████▌      78%  235,3 kB/s  00:02
Instalando 4/8… ███████████████▌      78%  238,9 kB/s  00:02
Instalando 4/8… ███████████████▌      78%  218,3 kB/s  00:02
Instalando 4/8… ███████████████▌      78%  224,8 kB/s  00:02
Instalando 4/8… ███████████████▊      79%  250,3 kB/s  00:02
Instalando 4/8… ████████████████      80%  254,2 kB/s  00:02
Instalando 4/8… ████████████████      80%  278,0 kB/s  00:02
Instalando 4/8… ████████████████      80%  288,4 kB/s  00:02
Instalando 4/8… ████████████████▏     81%  271,2 kB/s  00:02
Instalando 4/8… ████████████████▏     81%  276,6 kB/s  00:02
Instalando 4/8… ████████████████▏     81%  284,8 kB/s  00:02
Instalando 4/8… ████████████████▏     81%  295,7 kB/s  00:02
Instalando 4/8… ████████████████▍     82%  283,0 kB/s  00:02
Instalando 4/8… ████████████████▌     83%  294,5 kB/s  00:02
Instalando 4/8… ████████████████▌     83%  304,6 kB/s  00:02
Instalando 4/8… ████████████████▊     84%  293,3 kB/s  00:02
Instalando 4/8… ████████████████▊     84%  303,8 kB/s  00:02
Instalando 4/8… █████████████████     85%  316,7 kB/s  00:02
Instalando 4/8… █████████████████▏    86%  308,3 kB/s  00:02
Instalando 4/8… █████████████████▍    87%  319,1 kB/s  00:02
Instalando 4/8… █████████████████▌    88%  328,8 kB/s  00:02
Instalando 4/8… █████████████████▊    89%  341,8 kB/s  00:01
Instalando 4/8… ██████████████████▏   91%  358,7 kB/s  00:01
Instalando 4/8… ██████████████████▍   92%  392,9 kB/s  00:01
Instalando 4/8… ██████████████████▊   94%  423,4 kB/s  00:01
Instalando 4/8… ███████████████████▏  96%  425,7 kB/s  00:00
Instalando 4/8… ███████████████████▌  98%  445,2 kB/s  00:00
Instalando 4/8… ███████████████████▌  98%  451,0 kB/s  00:00
Instalando 4/8… ███████████████████▊  99%  444,6 kB/s  00:00
Instalando 4/8… ███████████████████▊  99%  465,6 kB/s  00:00
Instalando 4/8… ███████████████████▊  99%  482,0 kB/s  00:00
Instalando 4/8… ███████████████████▊  99%  487,5 kB/s  00:00
Instalando 4/8… ███████████████████▊  99%  476,1 kB/s  00:00
Instalando 4/8… ████████████████████ 100%  479,6 kB/s  00:00
Instalando 5/8…
Instalando 5/8…                        0%  0 bytes/s
Instalando 5/8… █▌                     8%
Instalando 5/8… ██                    10%
Instalando 5/8… ██▏                   11%
Instalando 5/8… ██▍                   12%  712,3 kB/s
Instalando 5/8… ██▌                   13%  958,0 kB/s
Instalando 5/8… ██▊                   14%  1,1 MB/s
Instalando 5/8… ███▏                  16%  667,4 kB/s
Instalando 5/8… ███▌                  18%  823,1 kB/s
Instalando 5/8… ███▊                  19%  946,0 kB/s
Instalando 5/8… ████                  20%  663,4 kB/s
Instalando 5/8… ████▏                 21%  707,1 kB/s
Instalando 5/8… ████▏                 21%  750,8 kB/s
Instalando 5/8… ████▍                 22%  778,1 kB/s
Instalando 5/8… ████▌                 23%  612,3 kB/s  00:13
Instalando 5/8… ████▌                 23%  640,9 kB/s  00:13
Instalando 5/8… ████▊                 24%  673,7 kB/s  00:12
Instalando 5/8… █████▍                27%  624,1 kB/s  00:13
Instalando 5/8… █████▌                28%  656,8 kB/s  00:12
Instalando 5/8… █████▊                29%  676,5 kB/s  00:12
Instalando 5/8… █████▊                29%  585,6 kB/s  00:14
Instalando 5/8… ██████                30%  602,0 kB/s  00:14
Instalando 5/8… ██████▏               31%  621,1 kB/s  00:13
Instalando 5/8… ██████▏               31%  637,5 kB/s  00:13
Instalando 5/8… ██████▍               32%  560,5 kB/s  00:14
Instalando 5/8… ██████▍               32%  567,5 kB/s  00:14
Instalando 5/8… ██████▌               33%  593,2 kB/s  00:14
Instalando 5/8… ██████▊               34%  535,7 kB/s  00:15
Instalando 5/8… ██████▊               34%  539,8 kB/s  00:15
Instalando 5/8… ███████               35%  548,0 kB/s  00:14
Instalando 5/8… ███████               35%  488,9 kB/s  00:16
Instalando 5/8… ███████               35%  492,5 kB/s  00:16
Instalando 5/8… ███████               35%  494,4 kB/s  00:16
Instalando 5/8… ███████               35%  446,6 kB/s  00:18
Instalando 5/8… ███████               35%  448,2 kB/s  00:18
Instalando 5/8… ███████               35%  449,8 kB/s  00:18
Instalando 5/8… ███████▏              36%  410,4 kB/s  00:19
Instalando 5/8… ███████▏              36%  413,4 kB/s  00:19
Instalando 5/8… ███████▏              36%  385,8 kB/s  00:21
Instalando 5/8… ███████▍              37%  394,0 kB/s  00:20
Instalando 5/8… ███████▍              37%  396,7 kB/s  00:20
Instalando 5/8… ███████▍              37%  399,4 kB/s  00:20
Instalando 5/8… ███████▍              37%  370,0 kB/s  00:22
Instalando 5/8… ███████▌              38%  377,5 kB/s  00:21
Instalando 5/8… ████████              40%  396,4 kB/s  00:19
Instalando 5/8… ████████              40%  375,2 kB/s  00:21
Instalando 5/8… ████████▏             41%  380,8 kB/s  00:20
Instalando 5/8… ████████▏             41%  384,6 kB/s  00:20
Instalando 5/8… ████████▏             41%  362,2 kB/s  00:21
Instalando 5/8… ████████▍             42%  366,6 kB/s  00:20
Instalando 5/8… ████████▍             42%  370,9 kB/s  00:20
Instalando 5/8… ████████▍             42%  375,3 kB/s  00:20
Instalando 5/8… ████████▌             43%  353,9 kB/s  00:21
Instalando 5/8… ████████▌             43%  357,0 kB/s  00:21
Instalando 5/8… ████████▌             43%  337,9 kB/s  00:22
Instalando 5/8… ████████▌             43%  338,9 kB/s  00:22
Instalando 5/8… ████████▌             43%  339,8 kB/s  00:22
Instalando 5/8… ████████▊             44%  323,7 kB/s  00:22
Instalando 5/8… ████████▊             44%  326,4 kB/s  00:22
Instalando 5/8… ████████▊             44%  329,1 kB/s  00:22
Instalando 5/8… █████████▏            46%  346,4 kB/s  00:21
Instalando 5/8… █████████▊            49%  348,0 kB/s  00:19
Instalando 5/8… ██████████            50%  363,6 kB/s  00:19
Instalando 5/8… ██████████▏           51%  369,6 kB/s  00:18
Instalando 5/8… ██████████▍           52%  356,0 kB/s  00:18
Instalando 5/8… ██████████▍           52%  361,8 kB/s  00:18
Instalando 5/8… ██████████▌           53%  365,0 kB/s  00:17
Instalando 5/8… ██████████▌           53%  350,8 kB/s  00:18
Instalando 5/8… ██████████▊           54%  354,7 kB/s  00:17
Instalando 5/8… ██████████▊           54%  357,8 kB/s  00:17
Instalando 5/8… ███████████           55%  360,9 kB/s  00:17
Instalando 5/8… ███████████           55%  347,5 kB/s  00:18
Instalando 5/8… ███████████           55%  350,5 kB/s  00:18
Instalando 5/8… ███████████▏          56%  354,2 kB/s  00:17
Instalando 5/8… ███████████▏          56%  342,4 kB/s  00:18
Instalando 5/8… ███████████▍          57%  348,8 kB/s  00:17
Instalando 5/8… ████████████          60%  365,2 kB/s  00:15
Instalando 5/8… ████████████▏         61%  357,5 kB/s  00:15
Instalando 5/8… ████████████▌         63%  369,7 kB/s  00:14
Instalando 5/8… █████████████▍        67%  398,4 kB/s  00:11
Instalando 5/8… ██████████████▏       71%  427,1 kB/s  00:09
Instalando 5/8… ██████████████▌       73%  424,4 kB/s  00:09
Instalando 5/8… ███████████████▏      76%  438,8 kB/s  00:07
Instalando 5/8… ███████████████▍      77%  449,3 kB/s  00:07
Instalando 5/8… ███████████████▊      79%  442,1 kB/s  00:06
Instalando 5/8… ████████████████      80%  451,6 kB/s  00:06
Instalando 5/8… ████████████████▍     82%  459,8 kB/s  00:05
Instalando 5/8… ████████████████▌     83%  451,2 kB/s  00:05
Instalando 5/8… █████████████████     85%  459,7 kB/s  00:04
Instalando 5/8… █████████████████▏    86%  467,6 kB/s  00:04
Instalando 5/8… █████████████████▍    87%  474,9 kB/s  00:04
Instalando 5/8… █████████████████▌    88%  464,4 kB/s  00:03
Instalando 5/8… ██████████████████    90%  473,2 kB/s  00:03
Instalando 5/8… ██████████████████▏   91%  482,5 kB/s  00:02
Instalando 5/8… ██████████████████▌   93%  473,2 kB/s  00:02
Instalando 5/8… ██████████████████▊   94%  479,4 kB/s  00:01
Instalando 5/8… ███████████████████   95%  485,7 kB/s  00:01
Instalando 5/8… ███████████████████▏  96%  477,7 kB/s  00:01
Instalando 5/8… ████████████████████ 100%  494,0 kB/s  00:00
Instalando 5/8… ████████████████████ 100%  494,0 kB/s  00:00
Instalando 6/8…
Instalando 6/8…                        0%  0 bytes/s
Instalando 6/8… ▍                      2%
Instalando 6/8… ███▊                  19%
Instalando 6/8… ███████▏              36%  280,5 kB/s
Instalando 6/8… ███████▍              37%  294,1 kB/s
Instalando 6/8… ███████▌              38%  152,7 kB/s
Instalando 6/8… ████████████████▌     83%  248,0 kB/s
Instalando 6/8… ████████████████████ 100%  228,4 kB/s  00:00
Instalando 7/8…
Instalando 7/8…                        0%  0 bytes/s
Instalando 7/8… ▍                      2%
Instalando 7/8… ▍                      2%
Instalando 7/8… █▌                     8%
Instalando 7/8… █▌                     8%  736,2 kB/s
Instalando 7/8… █▌                     8%  916,1 kB/s
Instalando 7/8… █▌                     8%  1,1 MB/s
Instalando 7/8… █▌                     8%  670,8 kB/s
Instalando 7/8… █▌                     8%  785,4 kB/s
Instalando 7/8… █▌                     8%  900,0 kB/s
Instalando 7/8… █▌                     8%  687,3 kB/s
Instalando 7/8… █▊                     9%  769,2 kB/s
Instalando 7/8… █▊                     9%  851,0 kB/s
Instalando 7/8… █▊                     9%  932,8 kB/s
Instalando 7/8… █▊                     9%  732,4 kB/s  00:40
Instalando 7/8… █▊                     9%  388,7 kB/s  01:20
Instalando 7/8… █▊                     9%  347,3 kB/s  01:31
Instalando 7/8… █▊                     9%  351,0 kB/s  01:31
Instalando 7/8… █▊                     9%  381,9 kB/s  01:31
Instalando 7/8… █▊                     9%  409,2 kB/s  01:31
Instalando 7/8… █▊                     9%  394,4 kB/s  01:41
Instalando 7/8… █▊                     9%  419,0 kB/s  01:41
Instalando 7/8… ██                    10%  455,0 kB/s  01:30
Instalando 7/8… ██                    10%  452,3 kB/s  01:39
Instalando 7/8… ██                    10%  480,6 kB/s  01:39
Instalando 7/8… ██                    10%  500,9 kB/s  01:39
Instalando 7/8… ██                    10%  474,2 kB/s  01:48
Instalando 7/8… ██                    10%  491,9 kB/s  01:48
Instalando 7/8… ██                    10%  508,3 kB/s  01:48
Instalando 7/8… ██                    10%  527,5 kB/s  01:48
Instalando 7/8… ██                    10%  503,3 kB/s  01:57
Instalando 7/8… ██                    10%  518,4 kB/s  01:57
Instalando 7/8… ██▏                   11%  536,0 kB/s  01:45
Instalando 7/8… ██▏                   11%  515,3 kB/s  01:53
Instalando 7/8… ██▏                   11%  532,9 kB/s  01:53
Instalando 7/8… ██▏                   11%  565,6 kB/s  01:53
Instalando 7/8… ██▏                   11%  560,7 kB/s  02:01
Instalando 7/8… ██▏                   11%  581,4 kB/s  02:01
Instalando 7/8… ██▏                   11%  598,9 kB/s  02:01
Instalando 7/8… ██▍                   12%  618,6 kB/s  01:50
Instalando 7/8… ██▍                   12%  599,4 kB/s  01:57
Instalando 7/8… ██▍                   12%  633,2 kB/s  01:57
Instalando 7/8… ██▍                   12%  664,9 kB/s  01:57
Instalando 7/8… ██▍                   12%  654,7 kB/s  02:04
Instalando 7/8… ██▌                   13%  678,8 kB/s  01:53
Instalando 7/8… ██▌                   13%  704,0 kB/s  01:53
Instalando 7/8… ██▌                   13%  690,4 kB/s  02:00
Instalando 7/8… ██▌                   13%  717,7 kB/s  02:00
Instalando 7/8… ██▌                   13%  744,1 kB/s  02:00
Instalando 7/8… ██▊                   14%  772,3 kB/s  01:50
Instalando 7/8… ██▊                   14%  758,4 kB/s  01:56
Instalando 7/8… ██▊                   14%  786,9 kB/s  01:56
Instalando 7/8… ██▊                   14%  817,1 kB/s  01:56
Instalando 7/8… ███                   15%  812,6 kB/s  01:53
Instalando 7/8… ███                   15%  852,9 kB/s  01:53
Instalando 7/8… ███                   15%  878,3 kB/s  01:53
Instalando 7/8… ███▏                  16%  864,7 kB/s  01:50
Instalando 7/8… ███▏                  16%  903,7 kB/s  01:50
Instalando 7/8… ███▏                  16%  928,7 kB/s  01:50
Instalando 7/8… ███▏                  16%  956,8 kB/s  01:50
Instalando 7/8… ███▍                  17%  949,8 kB/s  01:47
Instalando 7/8… ███▍                  17%  983,5 kB/s  01:47
Instalando 7/8… ███▍                  17%  984,2 kB/s  01:47
Instalando 7/8… ███▍                  17%  984,5 kB/s  01:52
Instalando 7/8… ███▍                  17%  988,4 kB/s  01:52
Instalando 7/8… ███▌                  18%  1,0 MB/s  01:44
Instalando 7/8… ███▌                  18%  994,9 kB/s  01:49
Instalando 7/8… ███▌                  18%  1,0 MB/s  01:49
Instalando 7/8… ███▌                  18%  1,0 MB/s  01:49
Instalando 7/8… ███▊                  19%  1,0 MB/s  01:46
Instalando 7/8… ███▊                  19%  1,0 MB/s  01:46
Instalando 7/8… ███▊                  19%  1,1 MB/s  01:46
Instalando 7/8… ███▊                  19%  1,0 MB/s  01:50
Instalando 7/8… ████                  20%  1,1 MB/s  01:44
Instalando 7/8… ████                  20%  1,1 MB/s  01:44
Instalando 7/8… ████                  20%  1,1 MB/s  01:44
Instalando 7/8… ████                  20%  1,1 MB/s  01:48
Instalando 7/8… ████▏                 21%  1,1 MB/s  01:41
Instalando 7/8… ████▏                 21%  1,1 MB/s  01:41
Instalando 7/8… ████▏                 21%  1,1 MB/s  01:45
Instalando 7/8… ████▍                 22%  1,1 MB/s  01:39
Instalando 7/8… ████▍                 22%  1,2 MB/s  01:39
Instalando 7/8… ████▍                 22%  1,2 MB/s  01:42
Instalando 7/8… ████▌                 23%  1,2 MB/s  01:37
Instalando 7/8… ████▌                 23%  1,2 MB/s  01:37
Instalando 7/8… ████▌                 23%  1,2 MB/s  01:37
Instalando 7/8… ████▌                 23%  1,2 MB/s  01:40
Instalando 7/8… ████▊                 24%  1,2 MB/s  01:35
Instalando 7/8… ████▊                 24%  1,2 MB/s  01:35
Instalando 7/8… ████▊                 24%  1,2 MB/s  01:38
Instalando 7/8… █████                 25%  1,2 MB/s  01:33
Instalando 7/8… █████                 25%  1,3 MB/s  01:33
Instalando 7/8… █████                 25%  1,2 MB/s  01:36
Instalando 7/8… █████                 25%  1,3 MB/s  01:36
Instalando 7/8… █████▏                26%  1,3 MB/s  01:33
Instalando 7/8… █████▏                26%  1,3 MB/s  01:33
Instalando 7/8… █████▍                27%  1,3 MB/s  01:29
Instalando 7/8… █████▍                27%  1,3 MB/s  01:31
Instalando 7/8… █████▍                27%  1,3 MB/s  01:31
Instalando 7/8… █████▍                27%  1,3 MB/s  01:31
Instalando 7/8… █████▌                28%  1,3 MB/s  01:30
Instalando 7/8… █████▌                28%  1,3 MB/s  01:30
Instalando 7/8… █████▌                28%  1,3 MB/s  01:30
Instalando 7/8… █████▌                28%  1,4 MB/s  01:30
Instalando 7/8… █████▊                29%  1,3 MB/s  01:28
Instalando 7/8… █████▊                29%  1,3 MB/s  01:28
Instalando 7/8… █████▊                29%  1,4 MB/s  01:28
Instalando 7/8… █████▊                29%  1,3 MB/s  01:30
Instalando 7/8… ██████                30%  1,4 MB/s  01:26
Instalando 7/8… ██████                30%  1,4 MB/s  01:26
Instalando 7/8… ██████                30%  1,4 MB/s  01:28
Instalando 7/8… ██████▏               31%  1,4 MB/s  01:24
Instalando 7/8… ██████▏               31%  1,4 MB/s  01:24
Instalando 7/8… ██████▏               31%  1,4 MB/s  01:24
Instalando 7/8… ██████▍               32%  1,4 MB/s  01:22
Instalando 7/8… ██████▍               32%  1,4 MB/s  01:22
Instalando 7/8… ██████▍               32%  1,4 MB/s  01:22
Instalando 7/8… ██████▌               33%  1,4 MB/s  01:21
Instalando 7/8… ██████▌               33%  1,4 MB/s  01:21
Instalando 7/8… ██████▌               33%  1,5 MB/s  01:21
Instalando 7/8… ██████▌               33%  1,4 MB/s  01:23
Instalando 7/8… ██████▊               34%  1,4 MB/s  01:19
Instalando 7/8… ██████▊               34%  1,5 MB/s  01:19
Instalando 7/8… ██████▊               34%  1,5 MB/s  01:21
Instalando 7/8… ███████               35%  1,5 MB/s  01:18
Instalando 7/8… ███████               35%  1,5 MB/s  01:18
Instalando 7/8… ███████               35%  1,5 MB/s  01:19
Instalando 7/8… ███████               35%  1,5 MB/s  01:19
Instalando 7/8… ███████▏              36%  1,5 MB/s  01:16
Instalando 7/8… ███████▏              36%  1,5 MB/s  01:18
Instalando 7/8… ███████▏              36%  1,5 MB/s  01:18
Instalando 7/8… ███████▍              37%  1,5 MB/s  01:14
Instalando 7/8… ███████▍              37%  1,5 MB/s  01:14
Instalando 7/8… ███████▌              38%  1,5 MB/s  01:13
Instalando 7/8… ███████▌              38%  1,5 MB/s  01:13
Instalando 7/8… ███████▌              38%  1,5 MB/s  01:13
Instalando 7/8… ███████▌              38%  1,5 MB/s  01:15
Instalando 7/8… ███████▊              39%  1,5 MB/s  01:11
Instalando 7/8… ███████▊              39%  1,5 MB/s  01:11
Instalando 7/8… ███████▊              39%  1,5 MB/s  01:13
Instalando 7/8… ███████▊              39%  1,5 MB/s  01:13
Instalando 7/8… ████████              40%  1,5 MB/s  01:10
Instalando 7/8… ████████              40%  1,6 MB/s  01:10
Instalando 7/8… ████████              40%  1,5 MB/s  01:12
Instalando 7/8… ████████              40%  1,5 MB/s  01:12
Instalando 7/8… ████████              40%  1,6 MB/s  01:12
Instalando 7/8… ████████▏             41%  1,5 MB/s  01:10
Instalando 7/8… ████████▏             41%  1,6 MB/s  01:10
Instalando 7/8… ████████▏             41%  1,5 MB/s  01:11
Instalando 7/8… ████████▍             42%  1,5 MB/s  01:09
Instalando 7/8… ████████▍             42%  1,6 MB/s  01:09
Instalando 7/8… ████████▌             43%  1,6 MB/s  01:07
Instalando 7/8… ████████▌             43%  1,6 MB/s  01:07
Instalando 7/8… ████████▌             43%  1,6 MB/s  01:07
Instalando 7/8… ████████▌             43%  1,6 MB/s  01:08
Instalando 7/8… ████████▊             44%  1,6 MB/s  01:06
Instalando 7/8… ████████▊             44%  1,6 MB/s  01:06
Instalando 7/8… ████████▊             44%  1,6 MB/s  01:07
Instalando 7/8… ████████▊             44%  1,6 MB/s  01:07
Instalando 7/8… ████████▊             44%  1,6 MB/s  01:07
Instalando 7/8… █████████             45%  1,6 MB/s  01:04
Instalando 7/8… █████████             45%  1,6 MB/s  01:06
Instalando 7/8… █████████             45%  1,6 MB/s  01:06
Instalando 7/8… █████████             45%  1,6 MB/s  01:06
Instalando 7/8… █████████▏            46%  1,6 MB/s  01:04
Instalando 7/8… █████████▏            46%  1,6 MB/s  01:04
Instalando 7/8… █████████▏            46%  1,6 MB/s  01:04
Instalando 7/8… █████████▍            47%  1,6 MB/s  01:03
Instalando 7/8… █████████▍            47%  1,6 MB/s  01:03
Instalando 7/8… █████████▍            47%  1,6 MB/s  01:03
Instalando 7/8… █████████▍            47%  1,6 MB/s  01:03
Instalando 7/8… █████████▌            48%  1,6 MB/s  01:01
Instalando 7/8… █████████▌            48%  1,6 MB/s  01:01
Instalando 7/8… █████████▌            48%  1,6 MB/s  01:01
Instalando 7/8… █████████▌            48%  1,6 MB/s  01:02
Instalando 7/8… █████████▌            48%  1,6 MB/s  01:02
Instalando 7/8… █████████▌            48%  1,6 MB/s  01:02
Instalando 7/8… █████████▊            49%  1,6 MB/s  01:01
Instalando 7/8… █████████▊            49%  1,6 MB/s  01:01
Instalando 7/8… █████████▊            49%  1,6 MB/s  01:01
Instalando 7/8… █████████▊            49%  1,6 MB/s  01:02
Instalando 7/8… █████████▊            49%  1,6 MB/s  01:02
Instalando 7/8… █████████▊            49%  1,6 MB/s  01:02
Instalando 7/8… ██████████            50%  1,6 MB/s  01:00
Instalando 7/8… ██████████            50%  1,6 MB/s  01:01
Instalando 7/8… ██████████            50%  1,6 MB/s  01:01
Instalando 7/8… ██████████            50%  1,6 MB/s  01:01
Instalando 7/8… ██████████▏           51%  1,6 MB/s  00:59
Instalando 7/8… ██████████▏           51%  1,6 MB/s  00:59
Instalando 7/8… ██████████▏           51%  1,6 MB/s  00:59
Instalando 7/8… ██████████▏           51%  1,6 MB/s  01:00
Instalando 7/8… ██████████▏           51%  1,6 MB/s  01:00
Instalando 7/8… ██████████▏           51%  1,6 MB/s  01:00
Instalando 7/8… ██████████▍           52%  1,6 MB/s  00:58
Instalando 7/8… ██████████▍           52%  1,6 MB/s  00:59
Instalando 7/8… ██████████▍           52%  1,6 MB/s  00:59
Instalando 7/8… ██████████▍           52%  1,6 MB/s  00:59
Instalando 7/8… ██████████▍           52%  1,6 MB/s  01:00
Instalando 7/8… ██████████▍           52%  1,6 MB/s  01:00
Instalando 7/8… ██████████▍           52%  1,6 MB/s  01:00
Instalando 7/8… ██████████▌           53%  1,6 MB/s  00:58
Instalando 7/8… ██████████▌           53%  1,6 MB/s  00:58
Instalando 7/8… ██████████▌           53%  1,6 MB/s  00:58
Instalando 7/8… ██████████▌           53%  1,6 MB/s  00:58
Instalando 7/8… ██████████▊           54%  1,6 MB/s  00:57
Instalando 7/8… ██████████▊           54%  1,6 MB/s  00:57
Instalando 7/8… ██████████▊           54%  1,6 MB/s  00:57
Instalando 7/8… ██████████▊           54%  1,6 MB/s  00:57
Instalando 7/8… ██████████▊           54%  1,6 MB/s  00:57
Instalando 7/8… ███████████           55%  1,6 MB/s  00:55
Instalando 7/8… ███████████           55%  1,6 MB/s  00:56
Instalando 7/8… ███████████           55%  1,6 MB/s  00:56
Instalando 7/8… ███████████           55%  1,6 MB/s  00:56
Instalando 7/8… ███████████           55%  1,5 MB/s  00:57
Instalando 7/8… ███████████           55%  1,5 MB/s  00:57
Instalando 7/8… ███████████▏          56%  1,6 MB/s  00:55
Instalando 7/8… ███████████▏          56%  1,5 MB/s  00:55
Instalando 7/8… ███████████▏          56%  1,5 MB/s  00:55
Instalando 7/8… ███████████▏          56%  1,5 MB/s  00:55
Instalando 7/8… ███████████▏          56%  1,5 MB/s  00:55
Instalando 7/8… ███████████▏          56%  1,5 MB/s  00:56
Instalando 7/8… ███████████▏          56%  1,5 MB/s  00:56
Instalando 7/8… ███████████▏          56%  1,5 MB/s  00:56
Instalando 7/8… ███████████▏          56%  1,5 MB/s  00:57
Instalando 7/8… ███████████▍          57%  1,5 MB/s  00:55
Instalando 7/8… ███████████▍          57%  1,5 MB/s  00:55
Instalando 7/8… ███████████▍          57%  1,5 MB/s  00:55
Instalando 7/8… ███████████▍          57%  1,5 MB/s  00:55
Instalando 7/8… ███████████▍          57%  1,5 MB/s  00:55
Instalando 7/8… ███████████▍          57%  1,5 MB/s  00:55
Instalando 7/8… ███████████▍          57%  1,5 MB/s  00:56
Instalando 7/8… ███████████▌          58%  1,5 MB/s  00:54
Instalando 7/8… ███████████▌          58%  1,5 MB/s  00:54
Instalando 7/8… ███████████▌          58%  1,5 MB/s  00:55
Instalando 7/8… ███████████▌          58%  1,5 MB/s  00:55
Instalando 7/8… ███████████▌          58%  1,5 MB/s  00:55
Instalando 7/8… ███████████▌          58%  1,5 MB/s  00:55
Instalando 7/8… ███████████▌          58%  1,5 MB/s  00:55
Instalando 7/8… ███████████▊          59%  1,5 MB/s  00:53
Instalando 7/8… ███████████▊          59%  1,5 MB/s  00:53
Instalando 7/8… ███████████▊          59%  1,5 MB/s  00:54
Instalando 7/8… ████████████          60%  1,5 MB/s  00:52
Instalando 7/8… ████████████          60%  1,5 MB/s  00:52
Instalando 7/8… ████████████          60%  1,5 MB/s  00:52
Instalando 7/8… ████████████▏         61%  1,5 MB/s  00:50
Instalando 7/8… ████████████▏         61%  1,5 MB/s  00:50
Instalando 7/8… ████████████▏         61%  1,5 MB/s  00:51
Instalando 7/8… ████████████▏         61%  1,5 MB/s  00:51
Instalando 7/8… ████████████▏         61%  1,5 MB/s  00:51
Instalando 7/8… ████████████▏         61%  1,5 MB/s  00:51
Instalando 7/8… ████████████▍         62%  1,5 MB/s  00:49
Instalando 7/8… ████████████▍         62%  1,5 MB/s  00:49
Instalando 7/8… ████████████▍         62%  1,5 MB/s  00:49
Instalando 7/8… ████████████▍         62%  1,5 MB/s  00:50
Instalando 7/8… ████████████▍         62%  1,5 MB/s  00:50
Instalando 7/8… ████████████▍         62%  1,5 MB/s  00:50
Instalando 7/8… ████████████▌         63%  1,5 MB/s  00:48
Instalando 7/8… ████████████▌         63%  1,5 MB/s  00:48
Instalando 7/8… ████████████▌         63%  1,5 MB/s  00:48
Instalando 7/8… ████████████▊         64%  1,5 MB/s  00:46
Instalando 7/8… ████████████▊         64%  1,5 MB/s  00:47
Instalando 7/8… █████████████         65%  1,5 MB/s  00:45
Instalando 7/8… █████████████         65%  1,5 MB/s  00:45
Instalando 7/8… █████████████         65%  1,5 MB/s  00:45
Instalando 7/8… █████████████         65%  1,5 MB/s  00:45
Instalando 7/8… █████████████         65%  1,5 MB/s  00:45
Instalando 7/8… █████████████▏        66%  1,5 MB/s  00:44
Instalando 7/8… █████████████▏        66%  1,5 MB/s  00:44
Instalando 7/8… █████████████▏        66%  1,5 MB/s  00:44
Instalando 7/8… █████████████▏        66%  1,5 MB/s  00:44
Instalando 7/8… █████████████▏        66%  1,5 MB/s  00:44
Instalando 7/8… █████████████▍        67%  1,5 MB/s  00:42
Instalando 7/8… █████████████▍        67%  1,5 MB/s  00:42
Instalando 7/8… █████████████▍        67%  1,5 MB/s  00:43
Instalando 7/8… █████████████▍        67%  1,5 MB/s  00:43
Instalando 7/8… █████████████▌        68%  1,6 MB/s  00:41
Instalando 7/8… █████████████▌        68%  1,5 MB/s  00:41
Instalando 7/8… █████████████▌        68%  1,5 MB/s  00:41
Instalando 7/8… █████████████▊        69%  1,6 MB/s  00:39
Instalando 7/8… █████████████▊        69%  1,6 MB/s  00:39
Instalando 7/8… █████████████▊        69%  1,6 MB/s  00:40
Instalando 7/8… ██████████████        70%  1,6 MB/s  00:38
Instalando 7/8… ██████████████        70%  1,6 MB/s  00:38
Instalando 7/8… ██████████████        70%  1,6 MB/s  00:39
Instalando 7/8… ██████████████        70%  1,6 MB/s  00:39
Instalando 7/8… ██████████████▏       71%  1,6 MB/s  00:37
Instalando 7/8… ██████████████▏       71%  1,6 MB/s  00:37
Instalando 7/8… ██████████████▏       71%  1,6 MB/s  00:37
Instalando 7/8… ██████████████▏       71%  1,6 MB/s  00:37
Instalando 7/8… ██████████████▍       72%  1,6 MB/s  00:36
Instalando 7/8… ██████████████▍       72%  1,6 MB/s  00:36
Instalando 7/8… ██████████████▍       72%  1,6 MB/s  00:36
Instalando 7/8… ██████████████▍       72%  1,6 MB/s  00:36
Instalando 7/8… ██████████████▌       73%  1,6 MB/s  00:34
Instalando 7/8… ██████████████▌       73%  1,6 MB/s  00:34
Instalando 7/8… ██████████████▌       73%  1,6 MB/s  00:34
Instalando 7/8… ██████████████▊       74%  1,6 MB/s  00:33
Instalando 7/8… ██████████████▊       74%  1,6 MB/s  00:33
Instalando 7/8… ██████████████▊       74%  1,6 MB/s  00:33
Instalando 7/8… ███████████████       75%  1,6 MB/s  00:32
Instalando 7/8… ███████████████       75%  1,6 MB/s  00:32
Instalando 7/8… ███████████████       75%  1,6 MB/s  00:32
Instalando 7/8… ███████████████       75%  1,6 MB/s  00:32
Instalando 7/8… ███████████████▏      76%  1,6 MB/s  00:30
Instalando 7/8… ███████████████▏      76%  1,6 MB/s  00:30
Instalando 7/8… ███████████████▏      76%  1,6 MB/s  00:30
Instalando 7/8… ███████████████▏      76%  1,6 MB/s  00:30
Instalando 7/8… ███████████████▍      77%  1,6 MB/s  00:29
Instalando 7/8… ███████████████▍      77%  1,6 MB/s  00:29
Instalando 7/8… ███████████████▍      77%  1,6 MB/s  00:29
Instalando 7/8… ███████████████▍      77%  1,6 MB/s  00:29
Instalando 7/8… ███████████████▍      77%  1,6 MB/s  00:29
Instalando 7/8… ███████████████▌      78%  1,6 MB/s  00:27
Instalando 7/8… ███████████████▌      78%  1,6 MB/s  00:28
Instalando 7/8… ███████████████▌      78%  1,6 MB/s  00:28
Instalando 7/8… ███████████████▌      78%  1,6 MB/s  00:28
Instalando 7/8… ███████████████▊      79%  1,6 MB/s  00:26
Instalando 7/8… ███████████████▊      79%  1,6 MB/s  00:26
Instalando 7/8… ███████████████▊      79%  1,6 MB/s  00:26
Instalando 7/8… ███████████████▊      79%  1,6 MB/s  00:27
Instalando 7/8… ████████████████      80%  1,6 MB/s  00:25
Instalando 7/8… ████████████████      80%  1,6 MB/s  00:25
Instalando 7/8… ████████████████      80%  1,6 MB/s  00:25
Instalando 7/8… ████████████████      80%  1,6 MB/s  00:25
Instalando 7/8… ████████████████      80%  1,6 MB/s  00:25
Instalando 7/8… ████████████████▏     81%  1,6 MB/s  00:24
Instalando 7/8… ████████████████▏     81%  1,6 MB/s  00:24
Instalando 7/8… ████████████████▏     81%  1,6 MB/s  00:24
Instalando 7/8… ████████████████▏     81%  1,6 MB/s  00:24
Instalando 7/8… ████████████████▏     81%  1,6 MB/s  00:24
Instalando 7/8… ████████████████▍     82%  1,6 MB/s  00:23
Instalando 7/8… ████████████████▍     82%  1,6 MB/s  00:23
Instalando 7/8… ████████████████▍     82%  1,6 MB/s  00:23
Instalando 7/8… ████████████████▍     82%  1,6 MB/s  00:23
Instalando 7/8… ████████████████▌     83%  1,6 MB/s  00:21
Instalando 7/8… ████████████████▌     83%  1,6 MB/s  00:21
Instalando 7/8… ████████████████▌     83%  1,6 MB/s  00:21
Instalando 7/8… ████████████████▊     84%  1,6 MB/s  00:20
Instalando 7/8… ████████████████▊     84%  1,6 MB/s  00:20
Instalando 7/8… ████████████████▊     84%  1,6 MB/s  00:20
Instalando 7/8… ████████████████▊     84%  1,6 MB/s  00:20
Instalando 7/8… █████████████████     85%  1,6 MB/s  00:19
Instalando 7/8… █████████████████     85%  1,6 MB/s  00:19
Instalando 7/8… █████████████████     85%  1,6 MB/s  00:19
Instalando 7/8… █████████████████     85%  1,6 MB/s  00:19
Instalando 7/8… █████████████████     85%  1,6 MB/s  00:19
Instalando 7/8… █████████████████     85%  1,6 MB/s  00:19
Instalando 7/8… █████████████████     85%  1,6 MB/s  00:19
Instalando 7/8… █████████████████     85%  1,6 MB/s  00:19
Instalando 7/8… █████████████████▏    86%  1,6 MB/s  00:18
Instalando 7/8… █████████████████▏    86%  1,6 MB/s  00:18
Instalando 7/8… █████████████████▏    86%  1,6 MB/s  00:18
Instalando 7/8… █████████████████▏    86%  1,6 MB/s  00:18
Instalando 7/8… █████████████████▏    86%  1,6 MB/s  00:18
Instalando 7/8… █████████████████▍    87%  1,6 MB/s  00:16
Instalando 7/8… █████████████████▍    87%  1,6 MB/s  00:16
Instalando 7/8… █████████████████▍    87%  1,6 MB/s  00:16
Instalando 7/8… █████████████████▍    87%  1,6 MB/s  00:16
Instalando 7/8… █████████████████▍    87%  1,6 MB/s  00:16
Instalando 7/8… █████████████████▍    87%  1,6 MB/s  00:17
Instalando 7/8… █████████████████▍    87%  1,6 MB/s  00:17
Instalando 7/8… █████████████████▍    87%  1,6 MB/s  00:17
Instalando 7/8… █████████████████▍    87%  1,6 MB/s  00:17
Instalando 7/8… █████████████████▌    88%  1,6 MB/s  00:15
Instalando 7/8… █████████████████▌    88%  1,6 MB/s  00:15
Instalando 7/8… █████████████████▌    88%  1,6 MB/s  00:15
Instalando 7/8… █████████████████▌    88%  1,6 MB/s  00:15
Instalando 7/8… █████████████████▌    88%  1,6 MB/s  00:15
Instalando 7/8… █████████████████▌    88%  1,6 MB/s  00:15
Instalando 7/8… █████████████████▌    88%  1,6 MB/s  00:15
Instalando 7/8… █████████████████▌    88%  1,6 MB/s  00:15
Instalando 7/8… █████████████████▌    88%  1,6 MB/s  00:15
Instalando 7/8… █████████████████▊    89%  1,6 MB/s  00:14
Instalando 7/8… █████████████████▊    89%  1,6 MB/s  00:14
Instalando 7/8… █████████████████▊    89%  1,6 MB/s  00:14
Instalando 7/8… █████████████████▊    89%  1,6 MB/s  00:14
Instalando 7/8… █████████████████▊    89%  1,6 MB/s  00:14
Instalando 7/8… █████████████████▊    89%  1,6 MB/s  00:14
Instalando 7/8… █████████████████▊    89%  1,6 MB/s  00:14
Instalando 7/8… █████████████████▊    89%  1,5 MB/s  00:14
Instalando 7/8… █████████████████▊    89%  1,5 MB/s  00:14
Instalando 7/8… █████████████████▊    89%  1,5 MB/s  00:14
Instalando 7/8… █████████████████▊    89%  1,5 MB/s  00:14
Instalando 7/8… █████████████████▊    89%  1,5 MB/s  00:14
Instalando 7/8… █████████████████▊    89%  1,5 MB/s  00:14
Instalando 7/8… ██████████████████    90%  1,5 MB/s  00:13
Instalando 7/8… ██████████████████    90%  1,5 MB/s  00:13
Instalando 7/8… ██████████████████    90%  1,5 MB/s  00:13
Instalando 7/8… ██████████████████    90%  1,5 MB/s  00:13
Instalando 7/8… ██████████████████    90%  1,5 MB/s  00:13
Instalando 7/8… ██████████████████    90%  1,5 MB/s  00:13
Instalando 7/8… ██████████████████    90%  1,5 MB/s  00:13
Instalando 7/8… ██████████████████    90%  1,5 MB/s  00:13
Instalando 7/8… ██████████████████    90%  1,5 MB/s  00:13
Instalando 7/8… ██████████████████    90%  1,5 MB/s  00:13
Instalando 7/8… ██████████████████    90%  1,5 MB/s  00:13
Instalando 7/8… ██████████████████    90%  1,5 MB/s  00:13
Instalando 7/8… ██████████████████▏   91%  1,5 MB/s  00:12
Instalando 7/8… ██████████████████▏   91%  1,5 MB/s  00:12
Instalando 7/8… ██████████████████▏   91%  1,5 MB/s  00:12
Instalando 7/8… ██████████████████▏   91%  1,5 MB/s  00:12
Instalando 7/8… ██████████████████▏   91%  1,5 MB/s  00:12
Instalando 7/8… ██████████████████▏   91%  1,5 MB/s  00:12
Instalando 7/8… ██████████████████▏   91%  1,5 MB/s  00:12
Instalando 7/8… ██████████████████▏   91%  1,5 MB/s  00:12
Instalando 7/8… ██████████████████▏   91%  1,5 MB/s  00:12
Instalando 7/8… ██████████████████▏   91%  1,5 MB/s  00:12
Instalando 7/8… ██████████████████▍   92%  1,5 MB/s  00:11
Instalando 7/8… ██████████████████▍   92%  1,5 MB/s  00:11
Instalando 7/8… ██████████████████▍   92%  1,5 MB/s  00:11
Instalando 7/8… ██████████████████▍   92%  1,5 MB/s  00:11
Instalando 7/8… ██████████████████▍   92%  1,5 MB/s  00:11
Instalando 7/8… ██████████████████▍   92%  1,5 MB/s  00:11
Instalando 7/8… ██████████████████▍   92%  1,5 MB/s  00:11
Instalando 7/8… ██████████████████▍   92%  1,5 MB/s  00:11
Instalando 7/8… ██████████████████▍   92%  1,5 MB/s  00:11
Instalando 7/8… ██████████████████▌   93%  1,5 MB/s  00:09
Instalando 7/8… ██████████████████▌   93%  1,5 MB/s  00:09
Instalando 7/8… ██████████████████▌   93%  1,5 MB/s  00:09
Instalando 7/8… ██████████████████▌   93%  1,5 MB/s  00:09
Instalando 7/8… ██████████████████▌   93%  1,5 MB/s  00:09
Instalando 7/8… ██████████████████▌   93%  1,5 MB/s  00:09
Instalando 7/8… ██████████████████▊   94%  1,5 MB/s  00:08
Instalando 7/8… ██████████████████▊   94%  1,5 MB/s  00:08
Instalando 7/8… ██████████████████▊   94%  1,5 MB/s  00:08
Instalando 7/8… ██████████████████▊   94%  1,5 MB/s  00:08
Instalando 7/8… ██████████████████▊   94%  1,5 MB/s  00:08
Instalando 7/8… ███████████████████   95%  1,5 MB/s  00:07
Instalando 7/8… ███████████████████   95%  1,5 MB/s  00:07
Instalando 7/8… ███████████████████   95%  1,5 MB/s  00:07
Instalando 7/8… ███████████████████   95%  1,5 MB/s  00:07
Instalando 7/8… ███████████████████▏  96%  1,5 MB/s  00:05
Instalando 7/8… ███████████████████▏  96%  1,5 MB/s  00:05
Instalando 7/8… ███████████████████▏  96%  1,5 MB/s  00:05
Instalando 7/8… ███████████████████▏  96%  1,5 MB/s  00:05
Instalando 7/8… ███████████████████▏  96%  1,5 MB/s  00:05
Instalando 7/8… ███████████████████▏  96%  1,5 MB/s  00:05
Instalando 7/8… ███████████████████▏  96%  1,5 MB/s  00:05
Instalando 7/8… ███████████████████▏  96%  1,5 MB/s  00:05
Instalando 7/8… ███████████████████▏  96%  1,5 MB/s  00:05
Instalando 7/8… ███████████████████▏  96%  1,5 MB/s  00:05
Instalando 7/8… ███████████████████▏  96%  1,5 MB/s  00:05
Instalando 7/8… ███████████████████▏  96%  1,5 MB/s  00:05
Instalando 7/8… ███████████████████▏  96%  1,4 MB/s  00:05
Instalando 7/8… ███████████████████▏  96%  1,4 MB/s  00:05
Instalando 7/8… ███████████████████▏  96%  1,4 MB/s  00:05
Instalando 7/8… ███████████████████▏  96%  1,4 MB/s  00:05
Instalando 7/8… ███████████████████▍  97%  1,4 MB/s  00:04
Instalando 7/8… ███████████████████▍  97%  1,4 MB/s  00:04
Instalando 7/8… ███████████████████▍  97%  1,4 MB/s  00:04
Instalando 7/8… ███████████████████▍  97%  1,4 MB/s  00:04
Instalando 7/8… ███████████████████▍  97%  1,4 MB/s  00:04
Instalando 7/8… ███████████████████▍  97%  1,4 MB/s  00:04
Instalando 7/8… ███████████████████▍  97%  1,4 MB/s  00:04
Instalando 7/8… ███████████████████▍  97%  1,4 MB/s  00:04
Instalando 7/8… ███████████████████▍  97%  1,4 MB/s  00:04
Instalando 7/8… ███████████████████▌  98%  1,4 MB/s  00:02
Instalando 7/8… ███████████████████▌  98%  1,4 MB/s  00:02
Instalando 7/8… ███████████████████▌  98%  1,4 MB/s  00:02
Instalando 7/8… ███████████████████▌  98%  1,4 MB/s  00:02
Instalando 7/8… ███████████████████▌  98%  1,4 MB/s  00:02
Instalando 7/8… ███████████████████▌  98%  1,4 MB/s  00:02
Instalando 7/8… ███████████████████▌  98%  1,4 MB/s  00:02
Instalando 7/8… ███████████████████▌  98%  1,4 MB/s  00:02
Instalando 7/8… ███████████████████▌  98%  1,4 MB/s  00:02
Instalando 7/8… ███████████████████▌  98%  1,4 MB/s  00:02
Instalando 7/8… ███████████████████▌  98%  1,4 MB/s  00:02
Instalando 7/8… ███████████████████▊  99%  1,4 MB/s  00:01
Instalando 7/8… ███████████████████▊  99%  1,4 MB/s  00:01
Instalando 7/8… ███████████████████▊  99%  1,4 MB/s  00:01
Instalando 7/8… ███████████████████▊  99%  1,4 MB/s  00:01
Instalando 7/8… ███████████████████▊  99%  1,4 MB/s  00:01
Instalando 7/8… ███████████████████▊  99%  1,4 MB/s  00:01
Instalando 7/8… ███████████████████▊  99%  1,4 MB/s  00:01
Instalando 7/8… ███████████████████▊  99%  1,4 MB/s  00:01
Instalando 7/8… ███████████████████▊  99%  1,4 MB/s  00:01
Instalando 7/8… ███████████████████▊  99%  1,4 MB/s  00:01
Instalando 7/8… ███████████████████▊  99%  1,4 MB/s  00:01
Instalando 7/8… ███████████████████▊  99%  1,4 MB/s  00:01
Instalando 7/8… ███████████████████▊  99%  1,4 MB/s  00:01
Instalando 7/8… ████████████████████ 100%  1,4 MB/s  00:00
Instalando 7/8… ████████████████████ 100%  1,4 MB/s  00:00
Instalando 7/8… ████████████████████ 100%  1,4 MB/s  00:00
Instalando 7/8… ████████████████████ 100%  1,4 MB/s  00:00
Instalando 8/8…
Instalando 8/8…                        0%  0 bytes/s
Instalando 8/8… █▌                     8%
Instalando 8/8… █▊                     9%
Instalando 8/8… █▊                     9%
Instalando 8/8… ██                    10%  751,4 kB/s
Instalando 8/8… ██                    10%  915,1 kB/s
Instalando 8/8… ██▏                   11%  1,1 MB/s
Instalando 8/8… ██▏                   11%  621,2 kB/s
Instalando 8/8… ██▍                   12%  686,7 kB/s
Instalando 8/8… ██▍                   12%  776,7 kB/s
Instalando 8/8… ██▌                   13%  583,3 kB/s
Instalando 8/8… ███                   15%  790,7 kB/s
Instalando 8/8… ███▍                  17%  998,0 kB/s
Instalando 8/8… ███▍                  17%  1,0 MB/s
Instalando 8/8… ███▍                  17%  805,8 kB/s  00:19
Instalando 8/8… ███▌                  18%  867,2 kB/s  00:18
Instalando 8/8… ███▌                  18%  899,9 kB/s  00:18
Instalando 8/8… ███▊                  19%  746,1 kB/s  00:21
Instalando 8/8… ███▊                  19%  769,0 kB/s  00:21
Instalando 8/8… ███▊                  19%  788,7 kB/s  00:21
Instalando 8/8… ███▊                  19%  660,0 kB/s  00:25
Instalando 8/8… ████                  20%  676,3 kB/s  00:24
Instalando 8/8… ████                  20%  700,9 kB/s  00:24
Instalando 8/8… ████                  20%  703,6 kB/s  00:24
Instalando 8/8… ████                  20%  612,5 kB/s  00:28
Instalando 8/8… ████▏                 21%  631,2 kB/s  00:26
Instalando 8/8… ████▏                 21%  659,2 kB/s  00:26
Instalando 8/8… ████▍                 22%  595,2 kB/s  00:28
Instalando 8/8… ████▍                 22%  607,5 kB/s  00:28
Instalando 8/8… ████▌                 23%  625,9 kB/s  00:26
Instalando 8/8… ████▌                 23%  572,2 kB/s  00:30
Instalando 8/8… ████▊                 24%  617,7 kB/s  00:28
Instalando 8/8… █████▏                26%  674,2 kB/s  00:25
Instalando 8/8… █████▍                27%  699,6 kB/s  00:24
Instalando 8/8… █████▍                27%  642,8 kB/s  00:27
Instalando 8/8… █████▍                27%  655,9 kB/s  00:27
Instalando 8/8… █████▌                28%  669,0 kB/s  00:25
Instalando 8/8… █████▌                28%  623,1 kB/s  00:28
Instalando 8/8… █████▊                29%  638,0 kB/s  00:26
Instalando 8/8… █████▊                29%  654,3 kB/s  00:26
Instalando 8/8… ██████                30%  612,1 kB/s  00:28
Instalando 8/8… ██████                30%  623,0 kB/s  00:28
Instalando 8/8… ██████▏               31%  648,0 kB/s  00:26
Instalando 8/8… ██████▌               33%  694,4 kB/s  00:24
Instalando 8/8… ██████▌               33%  657,3 kB/s  00:26
Instalando 8/8… ██████▊               34%  673,7 kB/s  00:25
Instalando 8/8… ███████               35%  691,3 kB/s  00:24
Instalando 8/8… ███████               35%  658,3 kB/s  00:26
Instalando 8/8… ███████▏              36%  672,3 kB/s  00:24
Instalando 8/8… ███████▍              37%  687,5 kB/s  00:23
Instalando 8/8… ███████▌              38%  669,0 kB/s  00:24
Instalando 8/8… ███████▊              39%  697,4 kB/s  00:23
Instalando 8/8… ████████              40%  709,4 kB/s  00:22
Instalando 8/8… ████████              40%  719,9 kB/s  00:22
Instalando 8/8… ████████▏             41%  683,1 kB/s  00:23
Instalando 8/8… ████████▏             41%  691,6 kB/s  00:23
Instalando 8/8… ████████▏             41%  694,6 kB/s  00:23
Instalando 8/8… ████████▏             41%  659,6 kB/s  00:24
Instalando 8/8… ████████▍             42%  665,3 kB/s  00:23
Instalando 8/8… ████████▍             42%  675,0 kB/s  00:23
Instalando 8/8… ████████▌             43%  648,4 kB/s  00:23
Instalando 8/8… ████████▊             44%  662,0 kB/s  00:22
Instalando 8/8… ████████▊             44%  667,5 kB/s  00:22
Instalando 8/8… ████████▊             44%  671,1 kB/s  00:22
Instalando 8/8… ████████▊             44%  636,7 kB/s  00:24
Instalando 8/8… ████████▊             44%  638,4 kB/s  00:24
Instalando 8/8… ████████▊             44%  640,5 kB/s  00:24
Instalando 8/8… ████████▊             44%  610,1 kB/s  00:25
Instalando 8/8… █████████             45%  611,8 kB/s  00:24
Instalando 8/8… █████████             45%  614,2 kB/s  00:24
Instalando 8/8… █████████             45%  586,5 kB/s  00:25
Instalando 8/8… █████████             45%  588,1 kB/s  00:25
Instalando 8/8… █████████             45%  562,1 kB/s  00:26
Instalando 8/8… █████████             45%  568,1 kB/s  00:26
Instalando 8/8… █████████▏            46%  579,2 kB/s  00:25
Instalando 8/8… █████████▍            47%  590,4 kB/s  00:24
Instalando 8/8… █████████▍            47%  571,2 kB/s  00:25
Instalando 8/8… █████████▌            48%  576,9 kB/s  00:24
Instalando 8/8… █████████▌            48%  585,4 kB/s  00:24
Instalando 8/8… █████████▊            49%  568,5 kB/s  00:24
Instalando 8/8… █████████▊            49%  575,3 kB/s  00:24
Instalando 8/8… ██████████            50%  578,8 kB/s  00:24
Instalando 8/8… ██████████            50%  559,5 kB/s  00:25
Instalando 8/8… ██████████            50%  566,1 kB/s  00:25
Instalando 8/8… ██████████▏           51%  572,0 kB/s  00:24
Instalando 8/8… ██████████▏           51%  575,9 kB/s  00:24
Instalando 8/8… ██████████▍           52%  563,2 kB/s  00:24
Instalando 8/8… ██████████▌           53%  575,8 kB/s  00:23
Instalando 8/8… ██████████▌           53%  578,4 kB/s  00:23
Instalando 8/8… ██████████▌           53%  560,0 kB/s  00:23
Instalando 8/8… ██████████▌           53%  561,2 kB/s  00:23
Instalando 8/8… ███████████           55%  578,8 kB/s  00:22
Instalando 8/8… ███████████           55%  564,0 kB/s  00:22
Instalando 8/8… ███████████▏          56%  567,5 kB/s  00:22
Instalando 8/8… ███████████▏          56%  571,0 kB/s  00:22
Instalando 8/8… ███████████▏          56%  575,1 kB/s  00:22
Instalando 8/8… ███████████▍          57%  559,2 kB/s  00:21
Instalando 8/8… ███████████▍          57%  563,7 kB/s  00:21
Instalando 8/8… ███████████▍          57%  567,7 kB/s  00:21
Instalando 8/8… ███████████▌          58%  553,1 kB/s  00:21
Instalando 8/8… ███████████▌          58%  556,9 kB/s  00:21
Instalando 8/8… ███████████▊          59%  561,9 kB/s  00:20
Instalando 8/8… ███████████▊          59%  547,4 kB/s  00:21
Instalando 8/8… ███████████▊          59%  552,2 kB/s  00:21
Instalando 8/8… ████████████          60%  557,5 kB/s  00:20
Instalando 8/8… ████████████▏         61%  572,3 kB/s  00:19
Instalando 8/8… ████████████▍         62%  563,6 kB/s  00:19
Instalando 8/8… ████████████▍         62%  567,7 kB/s  00:19
Instalando 8/8… ████████████▌         63%  571,8 kB/s  00:18
Instalando 8/8… ████████████▊         64%  568,9 kB/s  00:18
Instalando 8/8… █████████████         65%  574,8 kB/s  00:17
Instalando 8/8… █████████████         65%  578,3 kB/s  00:17
Instalando 8/8… █████████████▏        66%  564,7 kB/s  00:17
Instalando 8/8… █████████████▏        66%  569,0 kB/s  00:17
Instalando 8/8… █████████████▏        66%  573,3 kB/s  00:17
Instalando 8/8… █████████████▍        67%  575,8 kB/s  00:16
Instalando 8/8… █████████████▍        67%  560,7 kB/s  00:17
Instalando 8/8… █████████████▍        67%  564,9 kB/s  00:17
Instalando 8/8… █████████████▌        68%  552,0 kB/s  00:16
Instalando 8/8… █████████████▌        68%  555,6 kB/s  00:16
Instalando 8/8… █████████████▊        69%  560,1 kB/s  00:16
Instalando 8/8… █████████████▊        69%  549,4 kB/s  00:16
Instalando 8/8… ██████████████        70%  553,8 kB/s  00:15
Instalando 8/8… ██████████████▏       71%  567,1 kB/s  00:15
Instalando 8/8… ██████████████▍       72%  573,3 kB/s  00:14
Instalando 8/8… ██████████████▍       72%  562,9 kB/s  00:14
Instalando 8/8… ██████████████▊       74%  575,6 kB/s  00:13
Instalando 8/8… ██████████████▊       74%  579,0 kB/s  00:13
Instalando 8/8… ██████████████▊       74%  565,5 kB/s  00:13
Instalando 8/8… ██████████████▊       74%  566,3 kB/s  00:13
Instalando 8/8… ███████████████       75%  574,7 kB/s  00:13
Instalando 8/8… ███████████████▏      76%  565,2 kB/s  00:12
Instalando 8/8… ███████████████▏      76%  568,9 kB/s  00:12
Instalando 8/8… ███████████████▍      77%  573,4 kB/s  00:11
Instalando 8/8… ███████████████▍      77%  575,1 kB/s  00:11
Instalando 8/8… ███████████████▍      77%  561,8 kB/s  00:12
Instalando 8/8… ███████████████▌      78%  564,6 kB/s  00:11
Instalando 8/8… ███████████████▌      78%  568,2 kB/s  00:11
Instalando 8/8… ███████████████▌      78%  557,8 kB/s  00:11
Instalando 8/8… ███████████████▊      79%  560,5 kB/s  00:11
Instalando 8/8… ███████████████▊      79%  563,6 kB/s  00:11
Instalando 8/8… ████████████████      80%  557,0 kB/s  00:10
Instalando 8/8… ████████████████▏     81%  563,9 kB/s  00:10
Instalando 8/8… ████████████████▍     82%  572,2 kB/s  00:09
Instalando 8/8… ████████████████▌     83%  583,7 kB/s  00:08
Instalando 8/8… ████████████████▊     84%  573,4 kB/s  00:08
Instalando 8/8… ████████████████▊     84%  564,7 kB/s  00:08
Instalando 8/8… █████████████████     85%  568,3 kB/s  00:07
Instalando 8/8… █████████████████     85%  571,6 kB/s  00:07
Instalando 8/8… █████████████████▏    86%  562,0 kB/s  00:07
Instalando 8/8… █████████████████▏    86%  564,9 kB/s  00:07
Instalando 8/8… █████████████████▏    86%  567,0 kB/s  00:07
Instalando 8/8… █████████████████▍    87%  570,9 kB/s  00:06
Instalando 8/8… █████████████████▍    87%  561,2 kB/s  00:07
Instalando 8/8… █████████████████▌    88%  565,1 kB/s  00:06
Instalando 8/8… █████████████████▌    88%  568,9 kB/s  00:06
Instalando 8/8… █████████████████▊    89%  560,8 kB/s  00:05
Instalando 8/8… ██████████████████    90%  564,9 kB/s  00:05
Instalando 8/8… ██████████████████    90%  570,4 kB/s  00:05
Instalando 8/8… ██████████████████▏   91%  564,4 kB/s  00:04
Instalando 8/8… ██████████████████▍   92%  569,1 kB/s  00:04
Instalando 8/8… ██████████████████▊   94%  580,9 kB/s  00:03
Instalando 8/8… ███████████████████   95%  587,6 kB/s  00:02
Instalando 8/8… ███████████████████   95%  580,1 kB/s  00:02
Instalando 8/8… ███████████████████▏  96%  584,1 kB/s  00:02
Instalando 8/8… ███████████████████▏  96%  587,3 kB/s  00:02
Instalando 8/8… ███████████████████▍  97%  580,0 kB/s  00:01
Instalando 8/8… ███████████████████▌  98%  584,2 kB/s  00:01
Instalando 8/8… ███████████████████▌  98%  588,7 kB/s  00:01
Instalando 8/8… ███████████████████▊  99%  580,8 kB/s  00:00
Instalando 8/8… ████████████████████ 100%  585,1 kB/s  00:00
Instalando 8/8… ████████████████████ 100%  585,1 kB/s  00:00
Instalación completada.
[1;32m[OK][0m Herramientas base instaladas correctamente.
