[1;34m[INFO][0m Instalando codecs multimedia...
[1;34m[INFO][0m Habilitando RPM Fusion...
Nothing to do.
[1;33m[NOTE][0m Detectado ffmpeg-free. Será removido para evitar conflictos...
Package                             Arch   Version                     Repository                            Size
Removing:
 ffmpeg-free                        x86_64 7.1.1-3.fc42                624cbc92582d4ecfae4c58749abde4f8   2.5 MiB
Removing dependent packages:
 obs-studio                         x86_64 31.0.3-2.fc42               <unknown>                         14.5 MiB
 obs-studio-plugin-droidcam         x86_64 2.3.4-1.fc42                <unknown>                        184.1 KiB
 obs-studio-plugin-vlc-video        x86_64 31.0.3-2.fc42               <unknown>                         81.5 KiB
 obs-studio-plugin-x264             x86_64 31.0.3-1.fc42               <unknown>                         82.7 KiB
 shotcut                            x86_64 25.05.11-1.fc42             updates                           13.8 MiB
Removing unused dependencies:
 frei0r-plugins                     x86_64 2.3.3-6.fc42                fedora                             5.9 MiB
 gavl                               x86_64 1.4.0-38.fc42               fedora                             4.4 MiB
 gstreamer1-plugins-bad-free-extras x86_64 1.26.2-1.fc42               updates                            1.2 MiB
 ladspa                             x86_64 1.17-7.fc42                 fedora                           162.1 KiB
 lame                               x86_64 3.100-19.fc42               fedora                           463.8 KiB
 libavtp                            x86_64 0.2.0-10.fc42               fedora                            20.6 KiB
 libdca                             x86_64 0.0.7-13.fc42               fedora                           221.0 KiB
 libgdither                         x86_64 0.6-43.fc42                 fedora                            44.9 KiB
 libgfortran                        x86_64 15.1.1-2.fc42               updates                            3.3 MiB
 libid3tag                          x86_64 0.16.3-8.fc42               fedora                           116.5 KiB
 liblrdf                            x86_64 0.5.0-32.fc42               fedora                            60.9 KiB
 libmad                             x86_64 0.16.4-5.fc42               fedora                           179.1 KiB
 libmicrodns                        x86_64 0.2.0-13.fc42               fedora                            61.0 KiB
 libmpcdec                          x86_64 1.3.0^20110810svn475-3.fc42 fedora                            80.1 KiB
 mlt                                x86_64 7.32.0-1.fc42               updates                            3.0 MiB
 mlt-qt5                            x86_64 7.32.0-1.fc42               updates                            3.5 MiB
 mlt-qt6                            x86_64 7.32.0-1.fc42               updates                            3.8 MiB
 movit                              x86_64 1.7.1-6.fc42                fedora                           639.4 KiB
 movit-data                         noarch 1.7.1-6.fc42                fedora                            44.2 KiB
 openblas                           x86_64 0.3.29-1.fc42               fedora                           111.7 KiB
 openblas-serial                    x86_64 0.3.29-1.fc42               fedora                            41.5 MiB
 opencv-calib3d                     x86_64 4.11.0-3.fc42               fedora                             2.5 MiB
 opencv-core                        x86_64 4.11.0-3.fc42               fedora                             4.0 MiB
 opencv-dnn                         x86_64 4.11.0-3.fc42               fedora                             6.0 MiB
 opencv-features2d                  x86_64 4.11.0-3.fc42               fedora                           864.6 KiB
 opencv-flann                       x86_64 4.11.0-3.fc42               fedora                           487.8 KiB
 opencv-imgproc                     x86_64 4.11.0-3.fc42               fedora                             5.2 MiB
 opencv-tracking                    x86_64 4.11.0-3.fc42               fedora                             2.0 MiB
 opencv-video                       x86_64 4.11.0-3.fc42               fedora                           568.8 KiB
 qt6-qtcharts                       x86_64 6.9.0-1.fc42                updates                            3.4 MiB
 sdl12-compat                       x86_64 1.2.68-5.fc42               fedora                           195.5 KiB
 shotcut-langpack-en                noarch 25.05.11-1.fc42             updates                          352.5 KiB
 shotcut-langpack-es                noarch 25.05.11-1.fc42             updates                          389.2 KiB
 sox                                x86_64 14.4.2.0-41.fc42            fedora                             1.1 MiB
 tbb                                x86_64 2022.0.0-3.fc42             fedora                           450.1 KiB

Transaction Summary:
 Removing:          41 packages

Package             Arch   Version       Repository                            Size
Removing dependent packages:
 libavcodec-free    x86_64 7.1.1-3.fc42  624cbc92582d4ecfae4c58749abde4f8   9.6 MiB
 libavdevice-free   x86_64 7.1.1-3.fc42  624cbc92582d4ecfae4c58749abde4f8 215.1 KiB
 libavfilter-free   x86_64 7.1.1-3.fc42  624cbc92582d4ecfae4c58749abde4f8   4.1 MiB
 libavformat-free   x86_64 7.1.1-3.fc42  624cbc92582d4ecfae4c58749abde4f8   2.6 MiB
 libavutil-free     x86_64 7.1.1-3.fc42  624cbc92582d4ecfae4c58749abde4f8 963.0 KiB
 libpostproc-free   x86_64 7.1.1-3.fc42  624cbc92582d4ecfae4c58749abde4f8  85.6 KiB
 libswresample-free x86_64 7.1.1-3.fc42  624cbc92582d4ecfae4c58749abde4f8 147.3 KiB
 libswscale-free    x86_64 7.1.1-3.fc42  624cbc92582d4ecfae4c58749abde4f8 623.4 KiB
Installing:
 ffmpeg             x86_64 7.1.1-6.fc42  rpmfusion-free-updates             2.5 MiB
Installing dependencies:
 ffmpeg-libs        x86_64 7.1.1-6.fc42  rpmfusion-free-updates            21.2 MiB
 libavdevice        x86_64 7.1.1-6.fc42  rpmfusion-free-updates           162.2 KiB
 vvenc-libs         x86_64 1.13.1-3.fc42 rpmfusion-free-updates             3.3 MiB
 x265-libs          x86_64 4.1-2.fc42    rpmfusion-free                    16.7 MiB
Installing weak dependencies:
 vmaf-models        noarch 3.0.0-3.fc42  fedora                             4.9 MiB

Transaction Summary:
 Installing:         6 packages
 Removing:           8 packages

[1;34m[INFO][0m Instalando editor de video Shotcut...
[1;32m[OK][0m Multimedia configurado correctamente.
