[1;34m[INFO][0m Instalando herramientas de ciberseguridad...
[1;33m[NOTE][0m Instalando sqlmap desde pip...
[1;34m[INFO][0m pip3 no detectado. Instalando...
Defaulting to user installation because normal site-packages is not writeable
Collecting sqlmap
  Downloading sqlmap-1.9.7.tar.gz (7.2 MB)
     ━━━━━━━━━━━━━━━━━━━━━━━━━━━━━━━━━━━━━━━━ 7.2/7.2 MB 3.8 MB/s eta 0:00:00
  Installing build dependencies: started
  Installing build dependencies: finished with status 'done'
  Getting requirements to build wheel: started
  Getting requirements to build wheel: finished with status 'done'
  Preparing metadata (pyproject.toml): started
  Preparing metadata (pyproject.toml): finished with status 'done'
Building wheels for collected packages: sqlmap
  Building wheel for sqlmap (pyproject.toml): started
  Building wheel for sqlmap (pyproject.toml): finished with status 'done'
  Created wheel for sqlmap: filename=sqlmap-1.9.7-py3-none-any.whl size=7550455 sha256=e900d74842fb25106e4e491fc26937d9543f6d803853502036ea6d2caa3aaa47
  Stored in directory: /home/srvlinux/.cache/pip/wheels/58/d1/73/859780c61087069a95e68235d9f1880f5a9c6dd3a040cc930a
Successfully built sqlmap
Installing collected packages: sqlmap
Successfully installed sqlmap-1.9.7
[1;32m[OK][0m sqlmap instalado correctamente desde pip.
[1;32m[OK][0m Herramientas de seguridad instaladas correctamente.
