[1;34m[INFO][0m Instalando herramientas base del sistema...
[1;34m[INFO][0m Instalando RustDesk...
[1;34m[INFO][0m Instalando RustDesk desde Flatpak...
Buscando coincidencias…
Tiempo de ejecución requerido para com.rustdesk.RustDesk/x86_64/stable (runtime/org.freedesktop.Platform/x86_64/24.08) encontrado en remoto flathub

Permisos de com.rustdesk.RustDesk:
    ipc	network	fallback-x11	pulseaudio
    wayland	x11	dri	file access [1]

    [1] home


 1.	   	com.rustdesk.RustDesk.Locale	stable	i	flathub	< 255,5 kB (parcial)
 2.	   	org.freedesktop.Platform.Locale	24.08	i	flathub	< 382,4 MB (parcial)
 3.	   	org.freedesktop.Platform	24.08	i	flathub	< 261,9 MB
 4.	   	com.rustdesk.RustDesk	stable	i	flathub	< 30,8 MB


Instalando 1/4…
Instalando 1/4…                        0%  0 bytes/s
Instalando 1/4… ████████████████████ 100%
Instalando 2/4…
Instalando 2/4…                        0%  0 bytes/s
Instalando 2/4… ████████████████████ 100%
Instalando 3/4…
Instalando 3/4…                        0%  0 bytes/s
Instalando 3/4… █▊                     9%
Instalando 3/4… ██▏                   11%
Instalando 3/4… ██▌                   13%
Instalando 3/4… ███                   15%  8,9 MB/s
Instalando 3/4… ███▍                  17%  11,4 MB/s
Instalando 3/4… ███▊                  19%  14,2 MB/s
Instalando 3/4… ████▏                 21%  8,3 MB/s
Instalando 3/4… ████▌                 23%  9,2 MB/s
Instalando 3/4… ████▊                 24%  10,1 MB/s
Instalando 3/4… █████▏                26%  7,4 MB/s
Instalando 3/4… █████▍                27%  8,1 MB/s
Instalando 3/4… █████▍                27%  6,4 MB/s  00:10
Instalando 3/4… ██████                30%  6,9 MB/s  00:09
Instalando 3/4… ██████▍               32%  7,4 MB/s  00:08
Instalando 3/4… ██████▌               33%  6,4 MB/s  00:10
Instalando 3/4… ███████               35%  6,7 MB/s  00:09
Instalando 3/4… ███████▍              37%  7,2 MB/s  00:08
Instalando 3/4… ███████▊              39%  7,6 MB/s  00:07
Instalando 3/4… ████████              40%  6,7 MB/s  00:09
Instalando 3/4… ████████▍             42%  7,1 MB/s  00:08
Instalando 3/4… ████████▍             42%  6,4 MB/s  00:09
Instalando 3/4… █████████▏            46%  6,8 MB/s  00:08
Instalando 3/4… █████████▌            48%  6,2 MB/s  00:08
Instalando 3/4… █████████▊            49%  6,4 MB/s  00:08
Instalando 3/4… ██████████▏           51%  6,7 MB/s  00:07
Instalando 3/4… ██████████▌           53%  6,2 MB/s  00:07
Instalando 3/4… ██████████▊           54%  6,4 MB/s  00:07
Instalando 3/4… ███████████▏          56%  6,6 MB/s  00:07
Instalando 3/4… ███████████▍          57%  6,8 MB/s  00:06
Instalando 3/4… ███████████▌          58%  5,8 MB/s  00:07
Instalando 3/4… ████████████▍         62%  6,0 MB/s  00:06
Instalando 3/4… ████████████▌         63%  6,2 MB/s  00:06
Instalando 3/4… █████████████         65%  6,4 MB/s  00:05
Instalando 3/4… █████████████▍        67%  6,1 MB/s  00:05
Instalando 3/4… █████████████▌        68%  6,2 MB/s  00:05
Instalando 3/4… ██████████████        70%  6,4 MB/s  00:05
Instalando 3/4… ██████████████▍       72%  6,1 MB/s  00:05
Instalando 3/4… ██████████████▍       72%  5,8 MB/s  00:05
Instalando 3/4… ███████████████       75%  6,0 MB/s  00:04
Instalando 3/4… ███████████████▍      77%  6,1 MB/s  00:04
Instalando 3/4… ███████████████▊      79%  6,2 MB/s  00:03
Instalando 3/4… ████████████████      80%  5,9 MB/s  00:03
Instalando 3/4… ████████████████▏     81%  6,0 MB/s  00:03
Instalando 3/4… ████████████████▌     83%  6,2 MB/s  00:03
Instalando 3/4… ████████████████▊     84%  5,9 MB/s  00:03
Instalando 3/4… █████████████████▏    86%  6,0 MB/s  00:02
Instalando 3/4… █████████████████▏    86%  5,8 MB/s  00:02
Instalando 3/4… ██████████████████    90%  5,9 MB/s  00:01
Instalando 3/4… ██████████████████▏   91%  6,1 MB/s  00:01
Instalando 3/4… ██████████████████▌   93%  5,8 MB/s  00:01
Instalando 3/4… ██████████████████▊   94%  5,9 MB/s  00:01
Instalando 3/4… ███████████████████   95%  6,0 MB/s  00:00
Instalando 3/4… ███████████████████▍  97%  5,8 MB/s  00:00
Instalando 3/4… ███████████████████▌  98%  5,9 MB/s  00:00
Instalando 3/4… ████████████████████ 100%  6,0 MB/s  00:00
Instalando 3/4… ████████████████████ 100%  6,0 MB/s  00:00
Instalando 4/4…
Instalando 4/4…                        0%  0 bytes/s
Instalando 4/4… ██▌                   13%
Instalando 4/4… ████                  20%
Instalando 4/4… █████▌                28%
Instalando 4/4… ███████               35%  9,2 MB/s
Instalando 4/4… ████████▌             43%  11,7 MB/s
Instalando 4/4… ██████████            50%  13,9 MB/s
Instalando 4/4… ███████████▍          57%  8,1 MB/s
Instalando 4/4… ████████████▍         62%  9,0 MB/s
Instalando 4/4… ██████████████        70%  10,3 MB/s
Instalando 4/4… ███████████████▏      76%  7,6 MB/s
Instalando 4/4… ███████████████▌      78%  7,7 MB/s
Instalando 4/4… █████████████████▏    86%  8,6 MB/s
Instalando 4/4… ██████████████████▏   91%  9,2 MB/s
Instalando 4/4… ██████████████████▊   94%  7,2 MB/s  00:00
Instalando 4/4… ████████████████████ 100%  7,6 MB/s  00:00
Instalando 4/4… ████████████████████ 100%  7,6 MB/s  00:00
Instalación completada.
[1;32m[OK][0m Herramientas base instaladas correctamente.
