[1;34m[INFO][0m Instalando herramientas base del sistema...
[1;34m[INFO][0m Instalando RustDesk...
[1;34m[INFO][0m Instalando RustDesk desde Flatpak...
Buscando coincidencias…
Tiempo de ejecución requerido para com.rustdesk.RustDesk/x86_64/stable (runtime/org.freedesktop.Platform/x86_64/24.08) encontrado en remoto flathub

Permisos de com.rustdesk.RustDesk:
    ipc	network	fallback-x11	pulseaudio
    wayland	x11	dri	file access [1]

    [1] home


 1.	   	com.rustdesk.RustDesk.Locale	stable	i	flathub	< 255,5 kB (parcial)
 2.	   	org.freedesktop.Platform.Locale	24.08	i	flathub	< 382,4 MB (parcial)
 3.	   	org.freedesktop.Platform	24.08	i	flathub	< 261,9 MB
 4.	   	com.rustdesk.RustDesk	stable	i	flathub	< 30,8 MB


Instalando 1/4…
Instalando 1/4…                        0%  0 bytes/s
Instalando 1/4… ▌                      3%
Instalando 1/4… ▊                      4%
Instalando 1/4… ████████████████████ 100%
Instalando 2/4…
Instalando 2/4…                        0%  0 bytes/s
Instalando 2/4… ▍                      2%
Instalando 2/4… █                      5%
Instalando 2/4… ████████████████████ 100%
Instalando 3/4…
Instalando 3/4…                        0%  0 bytes/s
Instalando 3/4… █▌                     8%
Instalando 3/4… █▊                     9%
Instalando 3/4… ██                    10%
Instalando 3/4… ██▏                   11%  4,6 MB/s
Instalando 3/4… ██▍                   12%  5,9 MB/s
Instalando 3/4… ██▌                   13%  7,2 MB/s
Instalando 3/4… ██▊                   14%  4,1 MB/s
Instalando 3/4… ███                   15%  4,7 MB/s
Instalando 3/4… ███▏                  16%  5,3 MB/s
Instalando 3/4… ███▍                  17%  4,0 MB/s
Instalando 3/4… ███▌                  18%  4,4 MB/s
Instalando 3/4… ███▊                  19%  4,7 MB/s
Instalando 3/4… ████                  20%  5,0 MB/s
Instalando 3/4… ████                  20%  3,9 MB/s  00:16
Instalando 3/4… ████▏                 21%  4,2 MB/s  00:15
Instalando 3/4… ████▍                 22%  4,4 MB/s  00:14
Instalando 3/4… ████▌                 23%  3,7 MB/s  00:16
Instalando 3/4… ████▌                 23%  3,9 MB/s  00:16
Instalando 3/4… ████▊                 24%  4,1 MB/s  00:15
Instalando 3/4… █████                 25%  3,5 MB/s  00:18
Instalando 3/4… █████▏                26%  3,8 MB/s  00:17
Instalando 3/4… █████▍                27%  4,0 MB/s  00:16
Instalando 3/4… █████▌                28%  4,3 MB/s  00:15
Instalando 3/4… █████▌                28%  3,7 MB/s  00:18
Instalando 3/4… ██████                30%  3,5 MB/s  00:18
Instalando 3/4… ██████▏               31%  3,7 MB/s  00:17
Instalando 3/4… ██████▍               32%  3,8 MB/s  00:17
Instalando 3/4… ██████▌               33%  4,0 MB/s  00:16
Instalando 3/4… ██████▊               34%  3,6 MB/s  00:17
Instalando 3/4… ███████               35%  3,8 MB/s  00:16
Instalando 3/4… ███████▏              36%  3,9 MB/s  00:16
Instalando 3/4… ███████▍              37%  3,6 MB/s  00:17
Instalando 3/4… ███████▌              38%  3,7 MB/s  00:16
Instalando 3/4… ███████▌              38%  3,8 MB/s  00:16
Instalando 3/4… ███████▊              39%  3,5 MB/s  00:17
Instalando 3/4… ████████              40%  3,6 MB/s  00:16
Instalando 3/4… ████████▏             41%  3,7 MB/s  00:15
Instalando 3/4… ████████▏             41%  3,8 MB/s  00:15
Instalando 3/4… ████████▍             42%  3,5 MB/s  00:16
Instalando 3/4… ████████▊             44%  3,7 MB/s  00:15
Instalando 3/4… █████████             45%  3,5 MB/s  00:15
Instalando 3/4… █████████▍            47%  3,7 MB/s  00:14
Instalando 3/4… █████████▌            48%  3,6 MB/s  00:15
Instalando 3/4… █████████▊            49%  3,7 MB/s  00:14
Instalando 3/4… ██████████            50%  3,7 MB/s  00:14
Instalando 3/4… ██████████▏           51%  3,6 MB/s  00:14
Instalando 3/4… ██████████▍           52%  3,6 MB/s  00:13
Instalando 3/4… ██████████▌           53%  3,7 MB/s  00:13
Instalando 3/4… ██████████▊           54%  3,5 MB/s  00:13
Instalando 3/4… ██████████▊           54%  3,6 MB/s  00:13
Instalando 3/4… ███████████           55%  3,6 MB/s  00:13
Instalando 3/4… ███████████▍          57%  3,5 MB/s  00:12
Instalando 3/4… ███████████▍          57%  3,6 MB/s  00:12
Instalando 3/4… ███████████▌          58%  3,7 MB/s  00:12
Instalando 3/4… ███████████▊          59%  3,5 MB/s  00:12
Instalando 3/4… ███████████▊          59%  3,5 MB/s  00:12
Instalando 3/4… ████████████▏         61%  3,6 MB/s  00:11
Instalando 3/4… ████████████▍         62%  3,5 MB/s  00:11
Instalando 3/4… ████████████▊         64%  3,6 MB/s  00:10
Instalando 3/4… █████████████         65%  3,7 MB/s  00:10
Instalando 3/4… █████████████▏        66%  3,6 MB/s  00:10
Instalando 3/4… █████████████▍        67%  3,6 MB/s  00:09
Instalando 3/4… █████████████▍        67%  3,7 MB/s  00:09
Instalando 3/4… █████████████▌        68%  3,7 MB/s  00:09
Instalando 3/4… █████████████▊        69%  3,6 MB/s  00:09
Instalando 3/4… ██████████████        70%  3,6 MB/s  00:09
Instalando 3/4… ██████████████        70%  3,5 MB/s  00:09
Instalando 3/4… ██████████████▍       72%  3,6 MB/s  00:08
Instalando 3/4… ██████████████▌       73%  3,6 MB/s  00:08
Instalando 3/4… ██████████████▌       73%  3,5 MB/s  00:08
Instalando 3/4… ██████████████▊       74%  3,5 MB/s  00:08
Instalando 3/4… ███████████████       75%  3,6 MB/s  00:07
Instalando 3/4… ███████████████▏      76%  3,5 MB/s  00:07
Instalando 3/4… ███████████████▌      78%  3,6 MB/s  00:06
Instalando 3/4… ███████████████▊      79%  3,6 MB/s  00:06
Instalando 3/4… ████████████████      80%  3,6 MB/s  00:06
Instalando 3/4… ████████████████▏     81%  3,6 MB/s  00:05
Instalando 3/4… ████████████████▍     82%  3,7 MB/s  00:05
Instalando 3/4… ████████████████▌     83%  3,6 MB/s  00:05
Instalando 3/4… ████████████████▊     84%  3,6 MB/s  00:04
Instalando 3/4… ████████████████▊     84%  3,5 MB/s  00:05
Instalando 3/4… █████████████████▏    86%  3,6 MB/s  00:04
Instalando 3/4… █████████████████▍    87%  3,6 MB/s  00:04
Instalando 3/4… █████████████████▌    88%  3,6 MB/s  00:03
Instalando 3/4… █████████████████▌    88%  3,5 MB/s  00:03
Instalando 3/4… █████████████████▊    89%  3,6 MB/s  00:03
Instalando 3/4… ██████████████████    90%  3,6 MB/s  00:03
Instalando 3/4… ██████████████████▏   91%  3,5 MB/s  00:02
Instalando 3/4… ██████████████████▍   92%  3,6 MB/s  00:02
Instalando 3/4… ██████████████████▌   93%  3,6 MB/s  00:02
Instalando 3/4… ███████████████████▏  96%  3,6 MB/s  00:01
Instalando 3/4… ███████████████████▍  97%  3,7 MB/s  00:00
Instalando 3/4… ███████████████████▌  98%  3,7 MB/s  00:00
Instalando 3/4… ███████████████████▊  99%  3,6 MB/s  00:00
Instalando 3/4… ████████████████████ 100%  3,7 MB/s  00:00
Instalando 3/4… ████████████████████ 100%  3,7 MB/s  00:00
Instalando 4/4…
Instalando 4/4…                        0%  0 bytes/s
Instalando 4/4… ██▏                   11%
Instalando 4/4… ██▊                   14%
Instalando 4/4… ███▍                  17%  3,2 MB/s
Instalando 4/4… ████                  20%  4,1 MB/s
Instalando 4/4… ████▌                 23%  5,0 MB/s
Instalando 4/4… █████▏                26%  6,0 MB/s
Instalando 4/4… █████▊                29%  3,6 MB/s
Instalando 4/4… ██████▍               32%  4,0 MB/s
Instalando 4/4… ███████▏              36%  4,7 MB/s
Instalando 4/4… ████████              40%  3,6 MB/s
Instalando 4/4… ████████▊             44%  4,0 MB/s
Instalando 4/4… █████████▊            49%  4,6 MB/s
Instalando 4/4… ██████████▍           52%  3,7 MB/s  00:03
Instalando 4/4… ███████████           55%  3,9 MB/s  00:03
Instalando 4/4… ███████████▌          58%  4,2 MB/s  00:02
Instalando 4/4… ████████████▏         61%  4,4 MB/s  00:02
Instalando 4/4… ████████████▊         64%  3,7 MB/s  00:02
Instalando 4/4… █████████████▏        66%  3,9 MB/s  00:02
Instalando 4/4… █████████████▊        69%  4,1 MB/s  00:02
Instalando 4/4… ██████████████▍       72%  3,5 MB/s  00:02
Instalando 4/4… ███████████████       75%  3,7 MB/s  00:02
Instalando 4/4… ███████████████▍      77%  3,9 MB/s  00:01
Instalando 4/4… ████████████████      80%  3,4 MB/s  00:01
Instalando 4/4… ████████████████▌     83%  3,6 MB/s  00:01
Instalando 4/4… █████████████████▏    86%  3,7 MB/s  00:01
Instalando 4/4… █████████████████▊    89%  3,8 MB/s  00:00
Instalando 4/4… ██████████████████▍   92%  3,5 MB/s  00:00
Instalando 4/4… ███████████████████▏  96%  3,7 MB/s  00:00
Instalando 4/4… ████████████████████ 100%  3,8 MB/s  00:00
Instalando 4/4… ████████████████████ 100%  3,4 MB/s  00:00
Instalación completada.
[1;32m[OK][0m Herramientas base instaladas correctamente.
