[1;34m[INFO][0m Instalando herramientas de ciberseguridad...
[1;33m[NOTE][0m Instalando sqlmap desde pip...
Defaulting to user installation because normal site-packages is not writeable
Requirement already satisfied: sqlmap in /home/linux/.local/lib/python3.13/site-packages (1.9.5)
Collecting sqlmap
  Downloading sqlmap-1.9.7.tar.gz (7.2 MB)
     ━━━━━━━━━━━━━━━━━━━━━━━━━━━━━━━━━━━━━━━━ 7.2/7.2 MB 4.7 MB/s eta 0:00:00
  Installing build dependencies: started
  Installing build dependencies: finished with status 'done'
  Getting requirements to build wheel: started
  Getting requirements to build wheel: finished with status 'done'
  Preparing metadata (pyproject.toml): started
  Preparing metadata (pyproject.toml): finished with status 'done'
Building wheels for collected packages: sqlmap
  Building wheel for sqlmap (pyproject.toml): started
  Building wheel for sqlmap (pyproject.toml): finished with status 'done'
  Created wheel for sqlmap: filename=sqlmap-1.9.7-py3-none-any.whl size=7550455 sha256=7d86b10ec91728c3cf6f45c101c5367a46690e157923654faa858ba2e07a3a8d
  Stored in directory: /home/linux/.cache/pip/wheels/58/d1/73/859780c61087069a95e68235d9f1880f5a9c6dd3a040cc930a
Successfully built sqlmap
Installing collected packages: sqlmap
  Attempting uninstall: sqlmap
    Found existing installation: sqlmap 1.9.5
    Uninstalling sqlmap-1.9.5:
      Successfully uninstalled sqlmap-1.9.5
Successfully installed sqlmap-1.9.7
[1;31m[ERROR][0m No se pudo instalar sqlmap. Verifica manualmente.
[1;32m[OK][0m Herramientas de seguridad instaladas correctamente.
