[1;34m[INFO][0m Actualizando sistema con DNF...
Paquete                     Arq.   Versión        Repositorio                         Tamaño
Quitando:
 gnutls-utils               x86_64 3.8.10-1.fc42  <desconocido>                      1.3 MiB
 libnbd                     x86_64 1.22.3-1.fc42  <desconocido>                    446.3 KiB
 libtpms                    x86_64 0.10.1-1.fc42  <desconocido>                      1.0 MiB
 libvirt-daemon-driver-qemu x86_64 11.0.0-3.fc42  <desconocido>                      2.8 MiB
 lzop                       x86_64 1.04-16.fc42   624cbc92582d4ecfae4c58749abde4f8  98.6 KiB
 nbdkit                     x86_64 1.42.6-1.fc42  <desconocido>                      0.0   B
 nbdkit-basic-filters       x86_64 1.42.6-1.fc42  <desconocido>                    852.2 KiB
 nbdkit-basic-plugins       x86_64 1.42.6-1.fc42  <desconocido>                    455.2 KiB
 nbdkit-curl-plugin         x86_64 1.42.6-1.fc42  <desconocido>                     58.0 KiB
 nbdkit-selinux             noarch 1.42.6-1.fc42  <desconocido>                     16.5 KiB
 nbdkit-server              x86_64 1.42.6-1.fc42  <desconocido>                    232.4 KiB
 nbdkit-ssh-plugin          x86_64 1.42.6-1.fc42  <desconocido>                     41.5 KiB
 qemu-img                   x86_64 2:9.2.4-1.fc42 <desconocido>                     23.2 MiB
 swtpm                      x86_64 0.10.1-1.fc42  <desconocido>                     53.2 KiB
 swtpm-libs                 x86_64 0.10.1-1.fc42  <desconocido>                    132.3 KiB
 swtpm-selinux              noarch 0.10.1-1.fc42  <desconocido>                    252.4 KiB
 swtpm-tools                x86_64 0.10.1-1.fc42  <desconocido>                    274.1 KiB
 zlib-ng                    x86_64 2.2.4-3.fc42   624cbc92582d4ecfae4c58749abde4f8 157.0 KiB
 zstd                       x86_64 1.5.7-1.fc42   624cbc92582d4ecfae4c58749abde4f8   1.7 MiB

Resumen de la transacción:
 Desinstalando:         19 paquetes

[1;34m[INFO][0m Verificando si el tema de Ubuntu (Yaru) está instalado...
[1;32m[OK][0m El tema Yaru ya está instalado.
[1;32m[OK][0m Actualización del sistema completada.
